Archive member included to satisfy reference by file (symbol)

q:/stm32/system workbench for stm32/plugins/fr.ac6.mcu.externaltools.arm-none.win32_1.17.0.201812190825/tools/compiler/bin/../lib/gcc/arm-none-eabi/7.3.1/../../../../arm-none-eabi/lib/thumb/v7e-m/fpv4-sp/hard\libm.a(lib_a-w_atan2.o)
                              Src/mpu6500.o (atan2)
q:/stm32/system workbench for stm32/plugins/fr.ac6.mcu.externaltools.arm-none.win32_1.17.0.201812190825/tools/compiler/bin/../lib/gcc/arm-none-eabi/7.3.1/../../../../arm-none-eabi/lib/thumb/v7e-m/fpv4-sp/hard\libm.a(lib_a-w_pow.o)
                              Src/MS5837-30BA.o (pow)
q:/stm32/system workbench for stm32/plugins/fr.ac6.mcu.externaltools.arm-none.win32_1.17.0.201812190825/tools/compiler/bin/../lib/gcc/arm-none-eabi/7.3.1/../../../../arm-none-eabi/lib/thumb/v7e-m/fpv4-sp/hard\libm.a(lib_a-w_sqrt.o)
                              Src/mpu6500.o (sqrt)
q:/stm32/system workbench for stm32/plugins/fr.ac6.mcu.externaltools.arm-none.win32_1.17.0.201812190825/tools/compiler/bin/../lib/gcc/arm-none-eabi/7.3.1/../../../../arm-none-eabi/lib/thumb/v7e-m/fpv4-sp/hard\libm.a(lib_a-e_atan2.o)
                              q:/stm32/system workbench for stm32/plugins/fr.ac6.mcu.externaltools.arm-none.win32_1.17.0.201812190825/tools/compiler/bin/../lib/gcc/arm-none-eabi/7.3.1/../../../../arm-none-eabi/lib/thumb/v7e-m/fpv4-sp/hard\libm.a(lib_a-w_atan2.o) (__ieee754_atan2)
q:/stm32/system workbench for stm32/plugins/fr.ac6.mcu.externaltools.arm-none.win32_1.17.0.201812190825/tools/compiler/bin/../lib/gcc/arm-none-eabi/7.3.1/../../../../arm-none-eabi/lib/thumb/v7e-m/fpv4-sp/hard\libm.a(lib_a-e_pow.o)
                              q:/stm32/system workbench for stm32/plugins/fr.ac6.mcu.externaltools.arm-none.win32_1.17.0.201812190825/tools/compiler/bin/../lib/gcc/arm-none-eabi/7.3.1/../../../../arm-none-eabi/lib/thumb/v7e-m/fpv4-sp/hard\libm.a(lib_a-w_pow.o) (__ieee754_pow)
q:/stm32/system workbench for stm32/plugins/fr.ac6.mcu.externaltools.arm-none.win32_1.17.0.201812190825/tools/compiler/bin/../lib/gcc/arm-none-eabi/7.3.1/../../../../arm-none-eabi/lib/thumb/v7e-m/fpv4-sp/hard\libm.a(lib_a-e_sqrt.o)
                              q:/stm32/system workbench for stm32/plugins/fr.ac6.mcu.externaltools.arm-none.win32_1.17.0.201812190825/tools/compiler/bin/../lib/gcc/arm-none-eabi/7.3.1/../../../../arm-none-eabi/lib/thumb/v7e-m/fpv4-sp/hard\libm.a(lib_a-w_sqrt.o) (__ieee754_sqrt)
q:/stm32/system workbench for stm32/plugins/fr.ac6.mcu.externaltools.arm-none.win32_1.17.0.201812190825/tools/compiler/bin/../lib/gcc/arm-none-eabi/7.3.1/../../../../arm-none-eabi/lib/thumb/v7e-m/fpv4-sp/hard\libm.a(lib_a-s_atan.o)
                              q:/stm32/system workbench for stm32/plugins/fr.ac6.mcu.externaltools.arm-none.win32_1.17.0.201812190825/tools/compiler/bin/../lib/gcc/arm-none-eabi/7.3.1/../../../../arm-none-eabi/lib/thumb/v7e-m/fpv4-sp/hard\libm.a(lib_a-e_atan2.o) (atan)
q:/stm32/system workbench for stm32/plugins/fr.ac6.mcu.externaltools.arm-none.win32_1.17.0.201812190825/tools/compiler/bin/../lib/gcc/arm-none-eabi/7.3.1/../../../../arm-none-eabi/lib/thumb/v7e-m/fpv4-sp/hard\libm.a(lib_a-s_fabs.o)
                              q:/stm32/system workbench for stm32/plugins/fr.ac6.mcu.externaltools.arm-none.win32_1.17.0.201812190825/tools/compiler/bin/../lib/gcc/arm-none-eabi/7.3.1/../../../../arm-none-eabi/lib/thumb/v7e-m/fpv4-sp/hard\libm.a(lib_a-e_atan2.o) (fabs)
q:/stm32/system workbench for stm32/plugins/fr.ac6.mcu.externaltools.arm-none.win32_1.17.0.201812190825/tools/compiler/bin/../lib/gcc/arm-none-eabi/7.3.1/../../../../arm-none-eabi/lib/thumb/v7e-m/fpv4-sp/hard\libm.a(lib_a-s_finite.o)
                              q:/stm32/system workbench for stm32/plugins/fr.ac6.mcu.externaltools.arm-none.win32_1.17.0.201812190825/tools/compiler/bin/../lib/gcc/arm-none-eabi/7.3.1/../../../../arm-none-eabi/lib/thumb/v7e-m/fpv4-sp/hard\libm.a(lib_a-w_pow.o) (finite)
q:/stm32/system workbench for stm32/plugins/fr.ac6.mcu.externaltools.arm-none.win32_1.17.0.201812190825/tools/compiler/bin/../lib/gcc/arm-none-eabi/7.3.1/../../../../arm-none-eabi/lib/thumb/v7e-m/fpv4-sp/hard\libm.a(lib_a-s_lib_ver.o)
                              q:/stm32/system workbench for stm32/plugins/fr.ac6.mcu.externaltools.arm-none.win32_1.17.0.201812190825/tools/compiler/bin/../lib/gcc/arm-none-eabi/7.3.1/../../../../arm-none-eabi/lib/thumb/v7e-m/fpv4-sp/hard\libm.a(lib_a-w_pow.o) (__fdlib_version)
q:/stm32/system workbench for stm32/plugins/fr.ac6.mcu.externaltools.arm-none.win32_1.17.0.201812190825/tools/compiler/bin/../lib/gcc/arm-none-eabi/7.3.1/../../../../arm-none-eabi/lib/thumb/v7e-m/fpv4-sp/hard\libm.a(lib_a-s_matherr.o)
                              q:/stm32/system workbench for stm32/plugins/fr.ac6.mcu.externaltools.arm-none.win32_1.17.0.201812190825/tools/compiler/bin/../lib/gcc/arm-none-eabi/7.3.1/../../../../arm-none-eabi/lib/thumb/v7e-m/fpv4-sp/hard\libm.a(lib_a-w_pow.o) (matherr)
[...]
Memory Configuration

Name             Origin             Length             Attributes
RAM              0x20000000         0x00020000         xrw
FLASH            0x08000000         0x00080000         xr
*default*        0x00000000         0xffffffff

Linker script and memory map

LOAD q:/stm32/system workbench for stm32/plugins/fr.ac6.mcu.externaltools.arm-none.win32_1.17.0.201812190825/tools/compiler/bin/../lib/gcc/arm-none-eabi/7.3.1/thumb/v7e-m/fpv4-sp/hard/crti.o
LOAD q:/stm32/system workbench for stm32/plugins/fr.ac6.mcu.externaltools.arm-none.win32_1.17.0.201812190825/tools/compiler/bin/../lib/gcc/arm-none-eabi/7.3.1/thumb/v7e-m/fpv4-sp/hard/crtbegin.o
LOAD q:/stm32/system workbench for stm32/plugins/fr.ac6.mcu.externaltools.arm-none.win32_1.17.0.201812190825/tools/compiler/bin/../lib/gcc/arm-none-eabi/7.3.1/../../../../arm-none-eabi/lib/thumb/v7e-m/fpv4-sp/hard/crt0.o
LOAD Drivers/STM32F4xx_HAL_Driver/Src/stm32f4xx_hal.o
LOAD Drivers/STM32F4xx_HAL_Driver/Src/stm32f4xx_hal_cortex.o
LOAD Drivers/STM32F4xx_HAL_Driver/Src/stm32f4xx_hal_dma.o
LOAD Drivers/STM32F4xx_HAL_Driver/Src/stm32f4xx_hal_dma_ex.o
LOAD Drivers/STM32F4xx_HAL_Driver/Src/stm32f4xx_hal_exti.o
LOAD Drivers/STM32F4xx_HAL_Driver/Src/stm32f4xx_hal_flash.o
LOAD Drivers/STM32F4xx_HAL_Driver/Src/stm32f4xx_hal_flash_ex.o
LOAD Drivers/STM32F4xx_HAL_Driver/Src/stm32f4xx_hal_flash_ramfunc.o
LOAD Drivers/STM32F4xx_HAL_Driver/Src/stm32f4xx_hal_gpio.o
LOAD Drivers/STM32F4xx_HAL_Driver/Src/stm32f4xx_hal_i2c.o
LOAD Drivers/STM32F4xx_HAL_Driver/Src/stm32f4xx_hal_i2c_ex.o
LOAD Drivers/STM32F4xx_HAL_Driver/Src/stm32f4xx_hal_pwr.o
LOAD Drivers/STM32F4xx_HAL_Driver/Src/stm32f4xx_hal_pwr_ex.o
LOAD Drivers/STM32F4xx_HAL_Driver/Src/stm32f4xx_hal_rcc.o
LOAD Drivers/STM32F4xx_HAL_Driver/Src/stm32f4xx_hal_rcc_ex.o
LOAD Drivers/STM32F4xx_HAL_Driver/Src/stm32f4xx_hal_tim.o
LOAD Drivers/STM32F4xx_HAL_Driver/Src/stm32f4xx_hal_tim_ex.o
LOAD Drivers/STM32F4xx_HAL_Driver/Src/stm32f4xx_hal_uart.o
LOAD Src/MS5837-30BA.o
LOAD Src/gpio.o
LOAD Src/i2c.o
LOAD Src/main.o
LOAD Src/mpu6500.o
LOAD Src/stm32f4xx_hal_msp.o
LOAD Src/stm32f4xx_it.o
LOAD Src/sys.o
LOAD Src/syscalls.o
LOAD Src/system_stm32f4xx.o
LOAD Src/usart.o
LOAD startup/startup_stm32f446xx.o
LOAD q:/stm32/system workbench for stm32/plugins/fr.ac6.mcu.externaltools.arm-none.win32_1.17.0.201812190825/tools/compiler/bin/../lib/gcc/arm-none-eabi/7.3.1/../../../../arm-none-eabi/lib/thumb/v7e-m/fpv4-sp/hard\libm.a
START GROUP
LOAD q:/stm32/system workbench for stm32/plugins/fr.ac6.mcu.externaltools.arm-none.win32_1.17.0.201812190825/tools/compiler/bin/../lib/gcc/arm-none-eabi/7.3.1/thumb/v7e-m/fpv4-sp/hard\libgcc.a
LOAD q:/stm32/system workbench for stm32/plugins/fr.ac6.mcu.externaltools.arm-none.win32_1.17.0.201812190825/tools/compiler/bin/../lib/gcc/arm-none-eabi/7.3.1/../../../../arm-none-eabi/lib/thumb/v7e-m/fpv4-sp/hard\libc_nano.a
END GROUP
START GROUP
LOAD q:/stm32/system workbench for stm32/plugins/fr.ac6.mcu.externaltools.arm-none.win32_1.17.0.201812190825/tools/compiler/bin/../lib/gcc/arm-none-eabi/7.3.1/thumb/v7e-m/fpv4-sp/hard\libgcc.a
LOAD q:/stm32/system workbench for stm32/plugins/fr.ac6.mcu.externaltools.arm-none.win32_1.17.0.201812190825/tools/compiler/bin/../lib/gcc/arm-none-eabi/7.3.1/../../../../arm-none-eabi/lib/thumb/v7e-m/fpv4-sp/hard\libc_nano.a
LOAD q:/stm32/system workbench for stm32/plugins/fr.ac6.mcu.externaltools.arm-none.win32_1.17.0.201812190825/tools/compiler/bin/../lib/gcc/arm-none-eabi/7.3.1/../../../../arm-none-eabi/lib/thumb/v7e-m/fpv4-sp/hard\libnosys.a
END GROUP
START GROUP
LOAD q:/stm32/system workbench for stm32/plugins/fr.ac6.mcu.externaltools.arm-none.win32_1.17.0.201812190825/tools/compiler/bin/../lib/gcc/arm-none-eabi/7.3.1/thumb/v7e-m/fpv4-sp/hard\libgcc.a
LOAD q:/stm32/system workbench for stm32/plugins/fr.ac6.mcu.externaltools.arm-none.win32_1.17.0.201812190825/tools/compiler/bin/../lib/gcc/arm-none-eabi/7.3.1/../../../../arm-none-eabi/lib/thumb/v7e-m/fpv4-sp/hard\libc_nano.a
LOAD q:/stm32/system workbench for stm32/plugins/fr.ac6.mcu.externaltools.arm-none.win32_1.17.0.201812190825/tools/compiler/bin/../lib/gcc/arm-none-eabi/7.3.1/../../../../arm-none-eabi/lib/thumb/v7e-m/fpv4-sp/hard\libnosys.a
END GROUP
LOAD q:/stm32/system workbench for stm32/plugins/fr.ac6.mcu.externaltools.arm-none.win32_1.17.0.201812190825/tools/compiler/bin/../lib/gcc/arm-none-eabi/7.3.1/thumb/v7e-m/fpv4-sp/hard/crtend.o
LOAD q:/stm32/system workbench for stm32/plugins/fr.ac6.mcu.externaltools.arm-none.win32_1.17.0.201812190825/tools/compiler/bin/../lib/gcc/arm-none-eabi/7.3.1/thumb/v7e-m/fpv4-sp/hard/crtn.o
                0x20020000                _estack = 0x20020000
                0x00000200                _Min_Heap_Size = 0x200
                0x00000400                _Min_Stack_Size = 0x400

.isr_vector     0x08000000      0x1c4
                0x08000000                . = ALIGN (0x4)
 *(.isr_vector)
 .isr_vector    0x08000000      0x1c4 startup/startup_stm32f446xx.o
                0x08000000                g_pfnVectors
                0x080001c4                . = ALIGN (0x4)

.text           0x080001d0     0x8228
                0x080001d0                . = ALIGN (0x4)
 *(.text)
 .text          0x080001d0       0x40 q:/stm32/system workbench for stm32/plugins/fr.ac6.mcu.externaltools.arm-none.win32_1.17.0.201812190825/tools/compiler/bin/../lib/gcc/arm-none-eabi/7.3.1/thumb/v7e-m/fpv4-sp/hard/crtbegin.o
 .text          0x08000210      0x378 q:/stm32/system workbench for stm32/plugins/fr.ac6.mcu.externaltools.arm-none.win32_1.17.0.201812190825/tools/compiler/bin/../lib/gcc/arm-none-eabi/7.3.1/thumb/v7e-m/fpv4-sp/hard\libgcc.a(_arm_addsubdf3.o)
                0x08000210                __aeabi_drsub
                0x08000218                __aeabi_dsub
                0x08000218                __subdf3
                0x0800021c                __aeabi_dadd
                0x0800021c                __adddf3
                0x08000494                __floatunsidf
                0x08000494                __aeabi_ui2d
                0x080004b4                __floatsidf
                0x080004b4                __aeabi_i2d
                0x080004d8                __aeabi_f2d
                0x080004d8                __extendsfdf2
                0x0800051c                __floatundidf
                0x0800051c                __aeabi_ul2d
                0x0800052c                __floatdidf
                0x0800052c                __aeabi_l2d
 .text          0x08000588      0x424 q:/stm32/system workbench for stm32/plugins/fr.ac6.mcu.externaltools.arm-none.win32_1.17.0.201812190825/tools/compiler/bin/../lib/gcc/arm-none-eabi/7.3.1/thumb/v7e-m/fpv4-sp/hard\libgcc.a(_arm_muldivdf3.o)
                0x08000588                __aeabi_dmul
                0x08000588                __muldf3
                0x080007dc                __divdf3
                0x080007dc                __aeabi_ddiv
 .text          0x080009ac      0x110 q:/stm32/system workbench for stm32/plugins/fr.ac6.mcu.externaltools.arm-none.win32_1.17.0.201812190825/tools/compiler/bin/../lib/gcc/arm-none-eabi/7.3.1/thumb/v7e-m/fpv4-sp/hard\libgcc.a(_arm_cmpdf2.o)
                0x080009ac                __gtdf2
                0x080009ac                __gedf2
                0x080009b4                __ltdf2
                0x080009b4                __ledf2
                0x080009bc                __nedf2
                0x080009bc                __eqdf2
                0x080009bc                __cmpdf2
                0x08000a38                __aeabi_cdrcmple
                0x08000a48                __aeabi_cdcmpeq
                0x08000a48                __aeabi_cdcmple
                0x08000a58                __aeabi_dcmpeq
                0x08000a6c                __aeabi_dcmplt
                0x08000a80                __aeabi_dcmple
                0x08000a94                __aeabi_dcmpge
                0x08000aa8                __aeabi_dcmpgt
 .text          0x08000abc       0x2c q:/stm32/system workbench for stm32/plugins/fr.ac6.mcu.externaltools.arm-none.win32_1.17.0.201812190825/tools/compiler/bin/../lib/gcc/arm-none-eabi/7.3.1/thumb/v7e-m/fpv4-sp/hard\libgcc.a(_arm_unorddf2.o)
                0x08000abc                __unorddf2
                0x08000abc                __aeabi_dcmpun
 .text          0x08000ae8       0xa0 q:/stm32/system workbench for stm32/plugins/fr.ac6.mcu.externaltools.arm-none.win32_1.17.0.201812190825/tools/compiler/bin/../lib/gcc/arm-none-eabi/7.3.1/thumb/v7e-m/fpv4-sp/hard\libgcc.a(_arm_truncdfsf2.o)
                0x08000ae8                __truncdfsf2
                0x08000ae8                __aeabi_d2f
 .text          0x08000b88       0x30 q:/stm32/system workbench for stm32/plugins/fr.ac6.mcu.externaltools.arm-none.win32_1.17.0.201812190825/tools/compiler/bin/../lib/gcc/arm-none-eabi/7.3.1/thumb/v7e-m/fpv4-sp/hard\libgcc.a(_aeabi_uldivmod.o)
                0x08000b88                __aeabi_uldivmod
 .text          0x08000bb8      0x2cc q:/stm32/system workbench for stm32/plugins/fr.ac6.mcu.externaltools.arm-none.win32_1.17.0.201812190825/tools/compiler/bin/../lib/gcc/arm-none-eabi/7.3.1/thumb/v7e-m/fpv4-sp/hard\libgcc.a(_udivmoddi4.o)
                0x08000bb8                __udivmoddi4
 .text          0x08000e84        0x4 q:/stm32/system workbench for stm32/plugins/fr.ac6.mcu.externaltools.arm-none.win32_1.17.0.201812190825/tools/compiler/bin/../lib/gcc/arm-none-eabi/7.3.1/thumb/v7e-m/fpv4-sp/hard\libgcc.a(_dvmd_tls.o)
                0x08000e84                __aeabi_idiv0
                0x08000e84                __aeabi_ldiv0
 .text          0x08000e88       0x10 q:/stm32/system workbench for stm32/plugins/fr.ac6.mcu.externaltools.arm-none.win32_1.17.0.201812190825/tools/compiler/bin/../lib/gcc/arm-none-eabi/7.3.1/../../../../arm-none-eabi/lib/thumb/v7e-m/fpv4-sp/hard\libc_nano.a(lib_a-strlen.o)
                0x08000e88                strlen
 *fill*         0x08000e98        0x8 
 .text          0x08000ea0       0xa0 q:/stm32/system workbench for stm32/plugins/fr.ac6.mcu.externaltools.arm-none.win32_1.17.0.201812190825/tools/compiler/bin/../lib/gcc/arm-none-eabi/7.3.1/../../../../arm-none-eabi/lib/thumb/v7e-m/fpv4-sp/hard\libc_nano.a(lib_a-memchr.o)
                0x08000ea0                memchr
 .text          0x08000f40       0x50 q:/stm32/system workbench for stm32/plugins/fr.ac6.mcu.externaltools.arm-none.win32_1.17.0.201812190825/tools/compiler/bin/../lib/gcc/arm-none-eabi/7.3.1/thumb/v7e-m/fpv4-sp/hard\libgcc.a(_arm_fixdfsi.o)
                0x08000f40                __aeabi_d2iz
                0x08000f40                __fixdfsi
 *(.text*)
 .text.HAL_Init
                0x08000f90       0x44 Drivers/STM32F4xx_HAL_Driver/Src/stm32f4xx_hal.o
                0x08000f90                HAL_Init
 .text.HAL_InitTick
                0x08000fd4       0x60 Drivers/STM32F4xx_HAL_Driver/Src/stm32f4xx_hal.o
                0x08000fd4                HAL_InitTick
 .text.HAL_IncTick
                0x08001034       0x28 Drivers/STM32F4xx_HAL_Driver/Src/stm32f4xx_hal.o
                0x08001034                HAL_IncTick
 .text.HAL_GetTick
                0x0800105c       0x18 Drivers/STM32F4xx_HAL_Driver/Src/stm32f4xx_hal.o
                0x0800105c                HAL_GetTick
 .text.HAL_Delay
                0x08001074       0x44 Drivers/STM32F4xx_HAL_Driver/Src/stm32f4xx_hal.o
                0x08001074                HAL_Delay
 .text.__NVIC_SetPriorityGrouping
                0x080010b8       0x48 Drivers/STM32F4xx_HAL_Driver/Src/stm32f4xx_hal_cortex.o
 .text.__NVIC_GetPriorityGrouping
                0x08001100       0x1c Drivers/STM32F4xx_HAL_Driver/Src/stm32f4xx_hal_cortex.o
 .text.__NVIC_EnableIRQ
                0x0800111c       0x3c Drivers/STM32F4xx_HAL_Driver/Src/stm32f4xx_hal_cortex.o
 .text.__NVIC_SetPriority
                0x08001158       0x54 Drivers/STM32F4xx_HAL_Driver/Src/stm32f4xx_hal_cortex.o
 .text.NVIC_EncodePriority
                0x080011ac       0x66 Drivers/STM32F4xx_HAL_Driver/Src/stm32f4xx_hal_cortex.o
 *fill*         0x08001212        0x2 
 .text.SysTick_Config
                0x08001214       0x44 Drivers/STM32F4xx_HAL_Driver/Src/stm32f4xx_hal_cortex.o
 .text.HAL_NVIC_SetPriorityGrouping
                0x08001258       0x16 Drivers/STM32F4xx_HAL_Driver/Src/stm32f4xx_hal_cortex.o
                0x08001258                HAL_NVIC_SetPriorityGrouping
 .text.HAL_NVIC_SetPriority
                0x0800126e       0x38 Drivers/STM32F4xx_HAL_Driver/Src/stm32f4xx_hal_cortex.o
                0x0800126e                HAL_NVIC_SetPriority
 .text.HAL_NVIC_EnableIRQ
                0x080012a6       0x1c Drivers/STM32F4xx_HAL_Driver/Src/stm32f4xx_hal_cortex.o
                0x080012a6                HAL_NVIC_EnableIRQ
 .text.HAL_SYSTICK_Config
                0x080012c2       0x18 Drivers/STM32F4xx_HAL_Driver/Src/stm32f4xx_hal_cortex.o
                0x080012c2                HAL_SYSTICK_Config
 .text.HAL_DMA_Abort_IT
                0x080012da       0x44 Drivers/STM32F4xx_HAL_Driver/Src/stm32f4xx_hal_dma.o
                0x080012da                HAL_DMA_Abort_IT
 *fill*         0x0800131e        0x2 
 .text.HAL_GPIO_Init
                0x08001320      0x324 Drivers/STM32F4xx_HAL_Driver/Src/stm32f4xx_hal_gpio.o
                0x08001320                HAL_GPIO_Init
 .text.HAL_GPIO_WritePin
                0x08001644       0x32 Drivers/STM32F4xx_HAL_Driver/Src/stm32f4xx_hal_gpio.o
                0x08001644                HAL_GPIO_WritePin
 .text.HAL_GPIO_TogglePin
                0x08001676       0x36 Drivers/STM32F4xx_HAL_Driver/Src/stm32f4xx_hal_gpio.o
                0x08001676                HAL_GPIO_TogglePin
 .text.HAL_I2C_Init
                0x080016ac      0x250 Drivers/STM32F4xx_HAL_Driver/Src/stm32f4xx_hal_i2c.o
                0x080016ac                HAL_I2C_Init
 .text.HAL_I2C_Master_Transmit
                0x080018fc      0x1fc Drivers/STM32F4xx_HAL_Driver/Src/stm32f4xx_hal_i2c.o
                0x080018fc                HAL_I2C_Master_Transmit
 .text.HAL_I2C_Master_Receive
                0x08001af8      0x44c Drivers/STM32F4xx_HAL_Driver/Src/stm32f4xx_hal_i2c.o
                0x08001af8                HAL_I2C_Master_Receive
 .text.HAL_I2C_Mem_Write
                0x08001f44      0x1f4 Drivers/STM32F4xx_HAL_Driver/Src/stm32f4xx_hal_i2c.o
                0x08001f44                HAL_I2C_Mem_Write
 .text.HAL_I2C_Mem_Read
                0x08002138      0x44c Drivers/STM32F4xx_HAL_Driver/Src/stm32f4xx_hal_i2c.o
                0x08002138                HAL_I2C_Mem_Read
 .text.HAL_I2C_IsDeviceReady
                0x08002584      0x244 Drivers/STM32F4xx_HAL_Driver/Src/stm32f4xx_hal_i2c.o
                0x08002584                HAL_I2C_IsDeviceReady
 .text.I2C_MasterRequestWrite
                0x080027c8       0xec Drivers/STM32F4xx_HAL_Driver/Src/stm32f4xx_hal_i2c.o
 .text.I2C_MasterRequestRead
                0x080028b4      0x16c Drivers/STM32F4xx_HAL_Driver/Src/stm32f4xx_hal_i2c.o
 .text.I2C_RequestMemoryWrite
                0x08002a20      0x114 Drivers/STM32F4xx_HAL_Driver/Src/stm32f4xx_hal_i2c.o
 .text.I2C_RequestMemoryRead
                0x08002b34      0x1a0 Drivers/STM32F4xx_HAL_Driver/Src/stm32f4xx_hal_i2c.o
 .text.I2C_WaitOnFlagUntilTimeout
                0x08002cd4       0xae Drivers/STM32F4xx_HAL_Driver/Src/stm32f4xx_hal_i2c.o
 .text.I2C_WaitOnMasterAddressFlagUntilTimeout
                0x08002d82       0xfe Drivers/STM32F4xx_HAL_Driver/Src/stm32f4xx_hal_i2c.o
 .text.I2C_WaitOnTXEFlagUntilTimeout
                0x08002e80       0x82 Drivers/STM32F4xx_HAL_Driver/Src/stm32f4xx_hal_i2c.o
 .text.I2C_WaitOnBTFFlagUntilTimeout
                0x08002f02       0x82 Drivers/STM32F4xx_HAL_Driver/Src/stm32f4xx_hal_i2c.o
 .text.I2C_WaitOnRXNEFlagUntilTimeout
                0x08002f84       0xac Drivers/STM32F4xx_HAL_Driver/Src/stm32f4xx_hal_i2c.o
 .text.I2C_IsAcknowledgeFailed
                0x08003030       0x5e Drivers/STM32F4xx_HAL_Driver/Src/stm32f4xx_hal_i2c.o
 *fill*         0x0800308e        0x2 
 .text.HAL_RCC_ClockConfig
                0x08003090      0x1c4 Drivers/STM32F4xx_HAL_Driver/Src/stm32f4xx_hal_rcc.o
                0x08003090                HAL_RCC_ClockConfig
 .text.HAL_RCC_GetHCLKFreq
                0x08003254       0x18 Drivers/STM32F4xx_HAL_Driver/Src/stm32f4xx_hal_rcc.o
                0x08003254                HAL_RCC_GetHCLKFreq
 .text.HAL_RCC_GetPCLK1Freq
                0x0800326c       0x28 Drivers/STM32F4xx_HAL_Driver/Src/stm32f4xx_hal_rcc.o
                0x0800326c                HAL_RCC_GetPCLK1Freq
 .text.HAL_RCC_GetPCLK2Freq
                0x08003294       0x28 Drivers/STM32F4xx_HAL_Driver/Src/stm32f4xx_hal_rcc.o
                0x08003294                HAL_RCC_GetPCLK2Freq
 .text.HAL_RCC_GetSysClockFreq
                0x080032bc      0x340 Drivers/STM32F4xx_HAL_Driver/Src/stm32f4xx_hal_rcc_ex.o
                0x080032bc                HAL_RCC_GetSysClockFreq
 .text.HAL_RCC_OscConfig
                0x080035fc      0x4b4 Drivers/STM32F4xx_HAL_Driver/Src/stm32f4xx_hal_rcc_ex.o
                0x080035fc                HAL_RCC_OscConfig
 .text.HAL_UART_Init
                0x08003ab0       0x9a Drivers/STM32F4xx_HAL_Driver/Src/stm32f4xx_hal_uart.o
                0x08003ab0                HAL_UART_Init
 .text.HAL_UART_Transmit
                0x08003b4a      0x132 Drivers/STM32F4xx_HAL_Driver/Src/stm32f4xx_hal_uart.o
                0x08003b4a                HAL_UART_Transmit
 .text.HAL_UART_IRQHandler
                0x08003c7c      0x1f8 Drivers/STM32F4xx_HAL_Driver/Src/stm32f4xx_hal_uart.o
                0x08003c7c                HAL_UART_IRQHandler
 .text.HAL_UART_TxCpltCallback
                0x08003e74       0x14 Drivers/STM32F4xx_HAL_Driver/Src/stm32f4xx_hal_uart.o
                0x08003e74                HAL_UART_TxCpltCallback
 .text.HAL_UART_RxCpltCallback
                0x08003e88       0x14 Drivers/STM32F4xx_HAL_Driver/Src/stm32f4xx_hal_uart.o
                0x08003e88                HAL_UART_RxCpltCallback
 .text.HAL_UART_ErrorCallback
                0x08003e9c       0x14 Drivers/STM32F4xx_HAL_Driver/Src/stm32f4xx_hal_uart.o
                0x08003e9c                HAL_UART_ErrorCallback
 .text.UART_WaitOnFlagUntilTimeout
                0x08003eb0       0x94 Drivers/STM32F4xx_HAL_Driver/Src/stm32f4xx_hal_uart.o
 .text.UART_EndRxTransfer
                0x08003f44       0x3c Drivers/STM32F4xx_HAL_Driver/Src/stm32f4xx_hal_uart.o
 .text.UART_DMAAbortOnError
                0x08003f80       0x28 Drivers/STM32F4xx_HAL_Driver/Src/stm32f4xx_hal_uart.o
 .text.UART_Transmit_IT
                0x08003fa8       0xac Drivers/STM32F4xx_HAL_Driver/Src/stm32f4xx_hal_uart.o
 .text.UART_EndTransmit_IT
                0x08004054       0x30 Drivers/STM32F4xx_HAL_Driver/Src/stm32f4xx_hal_uart.o
 .text.UART_Receive_IT
                0x08004084      0x102 Drivers/STM32F4xx_HAL_Driver/Src/stm32f4xx_hal_uart.o
 *fill*         0x08004186        0x2 
 .text.UART_SetConfig
                0x08004188      0x414 Drivers/STM32F4xx_HAL_Driver/Src/stm32f4xx_hal_uart.o
 .text.MS5837_Init
                0x0800459c       0x70 Src/MS5837-30BA.o
                0x0800459c                MS5837_Init
 .text.MS5837_Read_PROM
                0x0800460c       0x70 Src/MS5837-30BA.o
                0x0800460c                MS5837_Read_PROM
 .text.MS5837_D1_Conversion
                0x0800467c       0x84 Src/MS5837-30BA.o
                0x0800467c                MS5837_D1_Conversion
 .text.MS5837_D2_Conversion
                0x08004700       0x84 Src/MS5837-30BA.o
                0x08004700                MS5837_D2_Conversion
 .text.MS5837_ADC_result
                0x08004784      0x380 Src/MS5837-30BA.o
                0x08004784                MS5837_ADC_result
 .text.MS5837_Pressure
                0x08004b04       0x30 Src/MS5837-30BA.o
                0x08004b04                MS5837_Pressure
 .text.MS5837_Temperature
                0x08004b34       0x34 Src/MS5837-30BA.o
                0x08004b34                MS5837_Temperature
 .text.MS5837_CRC4
                0x08004b68       0xc6 Src/MS5837-30BA.o
                0x08004b68                MS5837_CRC4
 *fill*         0x08004c2e        0x2 
 .text.MX_GPIO_Init
                0x08004c30       0xe0 Src/gpio.o
                0x08004c30                MX_GPIO_Init
 .text.MX_I2C1_Init
                0x08004d10       0x5c Src/i2c.o
                0x08004d10                MX_I2C1_Init
 .text.MX_I2C3_Init
                0x08004d6c       0x5c Src/i2c.o
                0x08004d6c                MX_I2C3_Init
 .text.HAL_I2C_MspInit
                0x08004dc8      0x13c Src/i2c.o
                0x08004dc8                HAL_I2C_MspInit
 .text.uart3_send_msg
                0x08004f04       0x2c Src/main.o
                0x08004f04                uart3_send_msg
 .text.main     0x08004f30      0x218 Src/main.o
                0x08004f30                main
 .text.SystemClock_Config
                0x08005148       0xdc Src/main.o
                0x08005148                SystemClock_Config
 .text.Error_Handler
                0x08005224        0xe Src/main.o
                0x08005224                Error_Handler
 *fill*         0x08005232        0x2 
 .text.MPU6500_Init
                0x08005234       0x40 Src/mpu6500.o
                0x08005234                MPU6500_Init
 .text.MPU6500_SetDlpf
                0x08005274       0x70 Src/mpu6500.o
                0x08005274                MPU6500_SetDlpf
 .text.MPU6500_DeviceReset
                0x080052e4       0x6c Src/mpu6500.o
                0x080052e4                MPU6500_DeviceReset
 .text.MPU6500_SetSleepEnabled
                0x08005350       0x70 Src/mpu6500.o
                0x08005350                MPU6500_SetSleepEnabled
 .text.MPU6500_SetClockSource
                0x080053c0       0x70 Src/mpu6500.o
                0x080053c0                MPU6500_SetClockSource
 .text.MPU6500_SetFullScaleGyroRange
                0x08005430       0xc4 Src/mpu6500.o
                0x08005430                MPU6500_SetFullScaleGyroRange
 .text.MPU6500_SetFullScaleAccelRange
                0x080054f4       0xc4 Src/mpu6500.o
                0x080054f4                MPU6500_SetFullScaleAccelRange
 .text.MPU6500_GetAccelerometerRAW
                0x080055b8       0x6c Src/mpu6500.o
                0x080055b8                MPU6500_GetAccelerometerRAW
 .text.MPU6500_GetAccelerometerScaled
                0x08005624       0x80 Src/mpu6500.o
                0x08005624                MPU6500_GetAccelerometerScaled
 .text.MPU6500_GetGyroscopeRAW
                0x080056a4       0x6c Src/mpu6500.o
                0x080056a4                MPU6500_GetGyroscopeRAW
 .text.MPU6500_GetGyroscopeScaled
                0x08005710       0x80 Src/mpu6500.o
                0x08005710                MPU6500_GetGyroscopeScaled
 .text.MPU6500_GetRollPitch
                0x08005790      0x11c Src/mpu6500.o
                0x08005790                MPU6500_GetRollPitch
 .text.HAL_MspInit
                0x080058ac       0x50 Src/stm32f4xx_hal_msp.o
                0x080058ac                HAL_MspInit
 .text.NMI_Handler
                0x080058fc        0xe Src/stm32f4xx_it.o
                0x080058fc                NMI_Handler
 .text.HardFault_Handler
                0x0800590a        0x6 Src/stm32f4xx_it.o
                0x0800590a                HardFault_Handler
 .text.MemManage_Handler
                0x08005910        0x6 Src/stm32f4xx_it.o
                0x08005910                MemManage_Handler
 .text.BusFault_Handler
                0x08005916        0x6 Src/stm32f4xx_it.o
                0x08005916                BusFault_Handler
 .text.UsageFault_Handler
                0x0800591c        0x6 Src/stm32f4xx_it.o
                0x0800591c                UsageFault_Handler
 .text.SVC_Handler
                0x08005922        0xe Src/stm32f4xx_it.o
                0x08005922                SVC_Handler
 .text.DebugMon_Handler
                0x08005930        0xe Src/stm32f4xx_it.o
                0x08005930                DebugMon_Handler
 .text.PendSV_Handler
                0x0800593e        0xe Src/stm32f4xx_it.o
                0x0800593e                PendSV_Handler
 .text.SysTick_Handler
                0x0800594c        0xc Src/stm32f4xx_it.o
                0x0800594c                SysTick_Handler
 .text.USART2_IRQHandler
                0x08005958       0x14 Src/stm32f4xx_it.o
                0x08005958                USART2_IRQHandler
 .text._sbrk    0x0800596c       0x58 Src/syscalls.o
                0x0800596c                _sbrk
 .text.SystemInit
                0x080059c4       0x6c Src/system_stm32f4xx.o
                0x080059c4                SystemInit
 .text.MX_USART2_UART_Init
                0x08005a30       0x54 Src/usart.o
                0x08005a30                MX_USART2_UART_Init
 .text.HAL_UART_MspInit
                0x08005a84       0xa0 Src/usart.o
                0x08005a84                HAL_UART_MspInit
 .text.Reset_Handler
                0x08005b24       0x50 startup/startup_stm32f446xx.o
                0x08005b24                Reset_Handler
 .text.Default_Handler
                0x08005b74        0x2 startup/startup_stm32f446xx.o
                0x08005b74                RTC_Alarm_IRQHandler
                0x08005b74                EXTI2_IRQHandler
                0x08005b74                TIM8_CC_IRQHandler
                0x08005b74                FMPI2C1_EV_IRQHandler
                0x08005b74                SPI4_IRQHandler
                0x08005b74                TIM1_CC_IRQHandler
                0x08005b74                DMA2_Stream5_IRQHandler
                0x08005b74                DMA1_Stream5_IRQHandler
                0x08005b74                PVD_IRQHandler
                0x08005b74                SDIO_IRQHandler
                0x08005b74                TAMP_STAMP_IRQHandler
                0x08005b74                CAN2_RX1_IRQHandler
                0x08005b74                EXTI3_IRQHandler
                0x08005b74                TIM8_TRG_COM_TIM14_IRQHandler
                0x08005b74                TIM1_UP_TIM10_IRQHandler
                0x08005b74                TIM8_UP_TIM13_IRQHandler
                0x08005b74                I2C3_ER_IRQHandler
                0x08005b74                EXTI0_IRQHandler
                0x08005b74                I2C2_EV_IRQHandler
                0x08005b74                DMA1_Stream2_IRQHandler
                0x08005b74                CAN1_RX0_IRQHandler
                0x08005b74                FPU_IRQHandler
                0x08005b74                OTG_HS_WKUP_IRQHandler
                0x08005b74                CAN2_SCE_IRQHandler
                0x08005b74                DMA2_Stream2_IRQHandler
                0x08005b74                SPI1_IRQHandler
                0x08005b74                TIM6_DAC_IRQHandler
                0x08005b74                TIM1_BRK_TIM9_IRQHandler
                0x08005b74                DCMI_IRQHandler
                0x08005b74                CAN2_RX0_IRQHandler
                0x08005b74                DMA2_Stream3_IRQHandler
                0x08005b74                SAI2_IRQHandler
                0x08005b74                USART6_IRQHandler
                0x08005b74                USART3_IRQHandler
                0x08005b74                CAN1_RX1_IRQHandler
                0x08005b74                UART5_IRQHandler
                0x08005b74                DMA2_Stream0_IRQHandler
                0x08005b74                TIM4_IRQHandler
                0x08005b74                QUADSPI_IRQHandler
                0x08005b74                I2C1_EV_IRQHandler
                0x08005b74                DMA1_Stream6_IRQHandler
                0x08005b74                DMA1_Stream1_IRQHandler
                0x08005b74                UART4_IRQHandler
                0x08005b74                TIM3_IRQHandler
                0x08005b74                RCC_IRQHandler
                0x08005b74                TIM8_BRK_TIM12_IRQHandler
                0x08005b74                Default_Handler
                0x08005b74                CEC_IRQHandler
                0x08005b74                EXTI15_10_IRQHandler
                0x08005b74                ADC_IRQHandler
                0x08005b74                DMA1_Stream7_IRQHandler
                0x08005b74                TIM7_IRQHandler
                0x08005b74                CAN2_TX_IRQHandler
                0x08005b74                TIM5_IRQHandler
                0x08005b74                DMA2_Stream7_IRQHandler
                0x08005b74                I2C3_EV_IRQHandler
                0x08005b74                EXTI9_5_IRQHandler
                0x08005b74                RTC_WKUP_IRQHandler
                0x08005b74                SPDIF_RX_IRQHandler
                0x08005b74                SPI2_IRQHandler
                0x08005b74                OTG_HS_EP1_IN_IRQHandler
                0x08005b74                DMA1_Stream0_IRQHandler
                0x08005b74                CAN1_TX_IRQHandler
                0x08005b74                FMPI2C1_ER_IRQHandler
                0x08005b74                EXTI4_IRQHandler
                0x08005b74                OTG_HS_EP1_OUT_IRQHandler
                0x08005b74                WWDG_IRQHandler
                0x08005b74                TIM2_IRQHandler
                0x08005b74                OTG_FS_WKUP_IRQHandler
                0x08005b74                TIM1_TRG_COM_TIM11_IRQHandler
                0x08005b74                OTG_HS_IRQHandler
                0x08005b74                EXTI1_IRQHandler
                0x08005b74                I2C2_ER_IRQHandler
                0x08005b74                DMA2_Stream1_IRQHandler
                0x08005b74                CAN1_SCE_IRQHandler
                0x08005b74                FLASH_IRQHandler
                0x08005b74                DMA2_Stream4_IRQHandler
                0x08005b74                USART1_IRQHandler
                0x08005b74                OTG_FS_IRQHandler
                0x08005b74                SPI3_IRQHandler
                0x08005b74                DMA1_Stream4_IRQHandler
                0x08005b74                I2C1_ER_IRQHandler
                0x08005b74                FMC_IRQHandler
                0x08005b74                DMA2_Stream6_IRQHandler
                0x08005b74                SAI1_IRQHandler
                0x08005b74                DMA1_Stream3_IRQHandler
 *fill*         0x08005b76        0x2 
 .text.atan2    0x08005b78        0x4 q:/stm32/system workbench for stm32/plugins/fr.ac6.mcu.externaltools.arm-none.win32_1.17.0.201812190825/tools/compiler/bin/../lib/gcc/arm-none-eabi/7.3.1/../../../../arm-none-eabi/lib/thumb/v7e-m/fpv4-sp/hard\libm.a(lib_a-w_atan2.o)
                0x08005b78                atan2
 .text.sqrt     0x08005b7c       0xb8 q:/stm32/system workbench for stm32/plugins/fr.ac6.mcu.externaltools.arm-none.win32_1.17.0.201812190825/tools/compiler/bin/../lib/gcc/arm-none-eabi/7.3.1/../../../../arm-none-eabi/lib/thumb/v7e-m/fpv4-sp/hard\libm.a(lib_a-w_sqrt.o)
                0x08005b7c                sqrt
 *fill*         0x08005c34        0x4 
 .text.__ieee754_atan2
                0x08005c38      0x1c4 q:/stm32/system workbench for stm32/plugins/fr.ac6.mcu.externaltools.arm-none.win32_1.17.0.201812190825/tools/compiler/bin/../lib/gcc/arm-none-eabi/7.3.1/../../../../arm-none-eabi/lib/thumb/v7e-m/fpv4-sp/hard\libm.a(lib_a-e_atan2.o)
                0x08005c38                __ieee754_atan2
 .text.__ieee754_sqrt
                0x08005dfc      0x194 q:/stm32/system workbench for stm32/plugins/fr.ac6.mcu.externaltools.arm-none.win32_1.17.0.201812190825/tools/compiler/bin/../lib/gcc/arm-none-eabi/7.3.1/../../../../arm-none-eabi/lib/thumb/v7e-m/fpv4-sp/hard\libm.a(lib_a-e_sqrt.o)
                0x08005dfc                __ieee754_sqrt
 .text.atan     0x08005f90      0x358 q:/stm32/system workbench for stm32/plugins/fr.ac6.mcu.externaltools.arm-none.win32_1.17.0.201812190825/tools/compiler/bin/../lib/gcc/arm-none-eabi/7.3.1/../../../../arm-none-eabi/lib/thumb/v7e-m/fpv4-sp/hard\libm.a(lib_a-s_atan.o)
                0x08005f90                atan
 .text.fabs     0x080062e8       0x14 q:/stm32/system workbench for stm32/plugins/fr.ac6.mcu.externaltools.arm-none.win32_1.17.0.201812190825/tools/compiler/bin/../lib/gcc/arm-none-eabi/7.3.1/../../../../arm-none-eabi/lib/thumb/v7e-m/fpv4-sp/hard\libm.a(lib_a-s_fabs.o)
                0x080062e8                fabs
 .text.matherr  0x080062fc        0x4 q:/stm32/system workbench for stm32/plugins/fr.ac6.mcu.externaltools.arm-none.win32_1.17.0.201812190825/tools/compiler/bin/../lib/gcc/arm-none-eabi/7.3.1/../../../../arm-none-eabi/lib/thumb/v7e-m/fpv4-sp/hard\libm.a(lib_a-s_matherr.o)
                0x080062fc                matherr
 .text.__errno  0x08006300        0xc q:/stm32/system workbench for stm32/plugins/fr.ac6.mcu.externaltools.arm-none.win32_1.17.0.201812190825/tools/compiler/bin/../lib/gcc/arm-none-eabi/7.3.1/../../../../arm-none-eabi/lib/thumb/v7e-m/fpv4-sp/hard\libc_nano.a(lib_a-errno.o)
                0x08006300                __errno
 .text.__libc_init_array
                0x0800630c       0x48 q:/stm32/system workbench for stm32/plugins/fr.ac6.mcu.externaltools.arm-none.win32_1.17.0.201812190825/tools/compiler/bin/../lib/gcc/arm-none-eabi/7.3.1/../../../../arm-none-eabi/lib/thumb/v7e-m/fpv4-sp/hard\libc_nano.a(lib_a-init.o)
                0x0800630c                __libc_init_array
 .text.memset   0x08006354       0x10 q:/stm32/system workbench for stm32/plugins/fr.ac6.mcu.externaltools.arm-none.win32_1.17.0.201812190825/tools/compiler/bin/../lib/gcc/arm-none-eabi/7.3.1/../../../../arm-none-eabi/lib/thumb/v7e-m/fpv4-sp/hard\libc_nano.a(lib_a-memset.o)
                0x08006354                memset
 .text.__cvt    0x08006364       0xc2 q:/stm32/system workbench for stm32/plugins/fr.ac6.mcu.externaltools.arm-none.win32_1.17.0.201812190825/tools/compiler/bin/../lib/gcc/arm-none-eabi/7.3.1/../../../../arm-none-eabi/lib/thumb/v7e-m/fpv4-sp/hard\libc_nano.a(lib_a-nano-vfprintf_float.o)
                0x08006364                __cvt
 .text.__exponent
                0x08006426       0x66 q:/stm32/system workbench for stm32/plugins/fr.ac6.mcu.externaltools.arm-none.win32_1.17.0.201812190825/tools/compiler/bin/../lib/gcc/arm-none-eabi/7.3.1/../../../../arm-none-eabi/lib/thumb/v7e-m/fpv4-sp/hard\libc_nano.a(lib_a-nano-vfprintf_float.o)
                0x08006426                __exponent
 .text._printf_float
                0x0800648c      0x480 q:/stm32/system workbench for stm32/plugins/fr.ac6.mcu.externaltools.arm-none.win32_1.17.0.201812190825/tools/compiler/bin/../lib/gcc/arm-none-eabi/7.3.1/../../../../arm-none-eabi/lib/thumb/v7e-m/fpv4-sp/hard\libc_nano.a(lib_a-nano-vfprintf_float.o)
                0x0800648c                _printf_float
 .text._printf_common
                0x0800690c       0xea q:/stm32/system workbench for stm32/plugins/fr.ac6.mcu.externaltools.arm-none.win32_1.17.0.201812190825/tools/compiler/bin/../lib/gcc/arm-none-eabi/7.3.1/../../../../arm-none-eabi/lib/thumb/v7e-m/fpv4-sp/hard\libc_nano.a(lib_a-nano-vfprintf_i.o)
                0x0800690c                _printf_common
 *fill*         0x080069f6        0x2 
 .text._printf_i
                0x080069f8      0x224 q:/stm32/system workbench for stm32/plugins/fr.ac6.mcu.externaltools.arm-none.win32_1.17.0.201812190825/tools/compiler/bin/../lib/gcc/arm-none-eabi/7.3.1/../../../../arm-none-eabi/lib/thumb/v7e-m/fpv4-sp/hard\libc_nano.a(lib_a-nano-vfprintf_i.o)
                0x080069f8                _printf_i
 .text.sprintf  0x08006c1c       0x40 q:/stm32/system workbench for stm32/plugins/fr.ac6.mcu.externaltools.arm-none.win32_1.17.0.201812190825/tools/compiler/bin/../lib/gcc/arm-none-eabi/7.3.1/../../../../arm-none-eabi/lib/thumb/v7e-m/fpv4-sp/hard\libc_nano.a(lib_a-sprintf.o)
                0x08006c1c                siprintf
                0x08006c1c                sprintf
 .text.quorem   0x08006c5c      0x118 q:/stm32/system workbench for stm32/plugins/fr.ac6.mcu.externaltools.arm-none.win32_1.17.0.201812190825/tools/compiler/bin/../lib/gcc/arm-none-eabi/7.3.1/../../../../arm-none-eabi/lib/thumb/v7e-m/fpv4-sp/hard\libc_nano.a(lib_a-dtoa.o)
 *fill*         0x08006d74        0x4 
 .text._dtoa_r  0x08006d78      0xb70 q:/stm32/system workbench for stm32/plugins/fr.ac6.mcu.externaltools.arm-none.win32_1.17.0.201812190825/tools/compiler/bin/../lib/gcc/arm-none-eabi/7.3.1/../../../../arm-none-eabi/lib/thumb/v7e-m/fpv4-sp/hard\libc_nano.a(lib_a-dtoa.o)
                0x08006d78                _dtoa_r
 .text._localeconv_r
                0x080078e8       0x1c q:/stm32/system workbench for stm32/plugins/fr.ac6.mcu.externaltools.arm-none.win32_1.17.0.201812190825/tools/compiler/bin/../lib/gcc/arm-none-eabi/7.3.1/../../../../arm-none-eabi/lib/thumb/v7e-m/fpv4-sp/hard\libc_nano.a(lib_a-localeconv.o)
                0x080078e8                _localeconv_r
 .text.malloc   0x08007904       0x10 q:/stm32/system workbench for stm32/plugins/fr.ac6.mcu.externaltools.arm-none.win32_1.17.0.201812190825/tools/compiler/bin/../lib/gcc/arm-none-eabi/7.3.1/../../../../arm-none-eabi/lib/thumb/v7e-m/fpv4-sp/hard\libc_nano.a(lib_a-malloc.o)
                0x08007904                malloc
 .text.memcpy   0x08007914       0x16 q:/stm32/system workbench for stm32/plugins/fr.ac6.mcu.externaltools.arm-none.win32_1.17.0.201812190825/tools/compiler/bin/../lib/gcc/arm-none-eabi/7.3.1/../../../../arm-none-eabi/lib/thumb/v7e-m/fpv4-sp/hard\libc_nano.a(lib_a-memcpy-stub.o)
                0x08007914                memcpy
 .text._Balloc  0x0800792a       0x68 q:/stm32/system workbench for stm32/plugins/fr.ac6.mcu.externaltools.arm-none.win32_1.17.0.201812190825/tools/compiler/bin/../lib/gcc/arm-none-eabi/7.3.1/../../../../arm-none-eabi/lib/thumb/v7e-m/fpv4-sp/hard\libc_nano.a(lib_a-mprec.o)
                0x0800792a                _Balloc
 .text._Bfree   0x08007992       0x2e q:/stm32/system workbench for stm32/plugins/fr.ac6.mcu.externaltools.arm-none.win32_1.17.0.201812190825/tools/compiler/bin/../lib/gcc/arm-none-eabi/7.3.1/../../../../arm-none-eabi/lib/thumb/v7e-m/fpv4-sp/hard\libc_nano.a(lib_a-mprec.o)
                0x08007992                _Bfree
 .text.__multadd
                0x080079c0       0x76 q:/stm32/system workbench for stm32/plugins/fr.ac6.mcu.externaltools.arm-none.win32_1.17.0.201812190825/tools/compiler/bin/../lib/gcc/arm-none-eabi/7.3.1/../../../../arm-none-eabi/lib/thumb/v7e-m/fpv4-sp/hard\libc_nano.a(lib_a-mprec.o)
                0x080079c0                __multadd
 .text.__hi0bits
                0x08007a36       0x3e q:/stm32/system workbench for stm32/plugins/fr.ac6.mcu.externaltools.arm-none.win32_1.17.0.201812190825/tools/compiler/bin/../lib/gcc/arm-none-eabi/7.3.1/../../../../arm-none-eabi/lib/thumb/v7e-m/fpv4-sp/hard\libc_nano.a(lib_a-mprec.o)
                0x08007a36                __hi0bits
 .text.__lo0bits
                0x08007a74       0x5e q:/stm32/system workbench for stm32/plugins/fr.ac6.mcu.externaltools.arm-none.win32_1.17.0.201812190825/tools/compiler/bin/../lib/gcc/arm-none-eabi/7.3.1/../../../../arm-none-eabi/lib/thumb/v7e-m/fpv4-sp/hard\libc_nano.a(lib_a-mprec.o)
                0x08007a74                __lo0bits
 .text.__i2b    0x08007ad2       0x12 q:/stm32/system workbench for stm32/plugins/fr.ac6.mcu.externaltools.arm-none.win32_1.17.0.201812190825/tools/compiler/bin/../lib/gcc/arm-none-eabi/7.3.1/../../../../arm-none-eabi/lib/thumb/v7e-m/fpv4-sp/hard\libc_nano.a(lib_a-mprec.o)
                0x08007ad2                __i2b
 .text.__multiply
                0x08007ae4      0x12c q:/stm32/system workbench for stm32/plugins/fr.ac6.mcu.externaltools.arm-none.win32_1.17.0.201812190825/tools/compiler/bin/../lib/gcc/arm-none-eabi/7.3.1/../../../../arm-none-eabi/lib/thumb/v7e-m/fpv4-sp/hard\libc_nano.a(lib_a-mprec.o)
                0x08007ae4                __multiply
 .text.__pow5mult
                0x08007c10       0x9c q:/stm32/system workbench for stm32/plugins/fr.ac6.mcu.externaltools.arm-none.win32_1.17.0.201812190825/tools/compiler/bin/../lib/gcc/arm-none-eabi/7.3.1/../../../../arm-none-eabi/lib/thumb/v7e-m/fpv4-sp/hard\libc_nano.a(lib_a-mprec.o)
                0x08007c10                __pow5mult
 .text.__lshift
                0x08007cac       0xa8 q:/stm32/system workbench for stm32/plugins/fr.ac6.mcu.externaltools.arm-none.win32_1.17.0.201812190825/tools/compiler/bin/../lib/gcc/arm-none-eabi/7.3.1/../../../../arm-none-eabi/lib/thumb/v7e-m/fpv4-sp/hard\libc_nano.a(lib_a-mprec.o)
                0x08007cac                __lshift
 .text.__mcmp   0x08007d54       0x34 q:/stm32/system workbench for stm32/plugins/fr.ac6.mcu.externaltools.arm-none.win32_1.17.0.201812190825/tools/compiler/bin/../lib/gcc/arm-none-eabi/7.3.1/../../../../arm-none-eabi/lib/thumb/v7e-m/fpv4-sp/hard\libc_nano.a(lib_a-mprec.o)
                0x08007d54                __mcmp
 .text.__mdiff  0x08007d88       0xba q:/stm32/system workbench for stm32/plugins/fr.ac6.mcu.externaltools.arm-none.win32_1.17.0.201812190825/tools/compiler/bin/../lib/gcc/arm-none-eabi/7.3.1/../../../../arm-none-eabi/lib/thumb/v7e-m/fpv4-sp/hard\libc_nano.a(lib_a-mprec.o)
                0x08007d88                __mdiff
 .text.__d2b    0x08007e42       0x9e q:/stm32/system workbench for stm32/plugins/fr.ac6.mcu.externaltools.arm-none.win32_1.17.0.201812190825/tools/compiler/bin/../lib/gcc/arm-none-eabi/7.3.1/../../../../arm-none-eabi/lib/thumb/v7e-m/fpv4-sp/hard\libc_nano.a(lib_a-mprec.o)
                0x08007e42                __d2b
 .text._calloc_r
                0x08007ee0       0x1c q:/stm32/system workbench for stm32/plugins/fr.ac6.mcu.externaltools.arm-none.win32_1.17.0.201812190825/tools/compiler/bin/../lib/gcc/arm-none-eabi/7.3.1/../../../../arm-none-eabi/lib/thumb/v7e-m/fpv4-sp/hard\libc_nano.a(lib_a-nano-callocr.o)
                0x08007ee0                _calloc_r
 .text._free_r  0x08007efc       0x9c q:/stm32/system workbench for stm32/plugins/fr.ac6.mcu.externaltools.arm-none.win32_1.17.0.201812190825/tools/compiler/bin/../lib/gcc/arm-none-eabi/7.3.1/../../../../arm-none-eabi/lib/thumb/v7e-m/fpv4-sp/hard\libc_nano.a(lib_a-nano-freer.o)
                0x08007efc                _free_r
 .text._malloc_r
                0x08007f98       0xb4 q:/stm32/system workbench for stm32/plugins/fr.ac6.mcu.externaltools.arm-none.win32_1.17.0.201812190825/tools/compiler/bin/../lib/gcc/arm-none-eabi/7.3.1/../../../../arm-none-eabi/lib/thumb/v7e-m/fpv4-sp/hard\libc_nano.a(lib_a-nano-mallocr.o)
                0x08007f98                _malloc_r
 .text.__ssputs_r
                0x0800804c       0xb4 q:/stm32/system workbench for stm32/plugins/fr.ac6.mcu.externaltools.arm-none.win32_1.17.0.201812190825/tools/compiler/bin/../lib/gcc/arm-none-eabi/7.3.1/../../../../arm-none-eabi/lib/thumb/v7e-m/fpv4-sp/hard\libc_nano.a(lib_a-nano-svfprintf.o)
                0x0800804c                __ssputs_r
 .text._svfprintf_r
                0x08008100      0x1f0 q:/stm32/system workbench for stm32/plugins/fr.ac6.mcu.externaltools.arm-none.win32_1.17.0.201812190825/tools/compiler/bin/../lib/gcc/arm-none-eabi/7.3.1/../../../../arm-none-eabi/lib/thumb/v7e-m/fpv4-sp/hard\libc_nano.a(lib_a-nano-svfprintf.o)
                0x08008100                _svfiprintf_r
                0x08008100                _svfprintf_r
 .text._sbrk_r  0x080082f0       0x20 q:/stm32/system workbench for stm32/plugins/fr.ac6.mcu.externaltools.arm-none.win32_1.17.0.201812190825/tools/compiler/bin/../lib/gcc/arm-none-eabi/7.3.1/../../../../arm-none-eabi/lib/thumb/v7e-m/fpv4-sp/hard\libc_nano.a(lib_a-sbrkr.o)
                0x080082f0                _sbrk_r
 .text.__ascii_mbtowc
                0x08008310       0x24 q:/stm32/system workbench for stm32/plugins/fr.ac6.mcu.externaltools.arm-none.win32_1.17.0.201812190825/tools/compiler/bin/../lib/gcc/arm-none-eabi/7.3.1/../../../../arm-none-eabi/lib/thumb/v7e-m/fpv4-sp/hard\libc_nano.a(lib_a-mbtowc_r.o)
                0x08008310                __ascii_mbtowc
 .text.memmove  0x08008334       0x32 q:/stm32/system workbench for stm32/plugins/fr.ac6.mcu.externaltools.arm-none.win32_1.17.0.201812190825/tools/compiler/bin/../lib/gcc/arm-none-eabi/7.3.1/../../../../arm-none-eabi/lib/thumb/v7e-m/fpv4-sp/hard\libc_nano.a(lib_a-memmove.o)
                0x08008334                memmove
 .text.__malloc_lock
                0x08008366        0x2 q:/stm32/system workbench for stm32/plugins/fr.ac6.mcu.externaltools.arm-none.win32_1.17.0.201812190825/tools/compiler/bin/../lib/gcc/arm-none-eabi/7.3.1/../../../../arm-none-eabi/lib/thumb/v7e-m/fpv4-sp/hard\libc_nano.a(lib_a-mlock.o)
                0x08008366                __malloc_lock
 .text.__malloc_unlock
                0x08008368        0x2 q:/stm32/system workbench for stm32/plugins/fr.ac6.mcu.externaltools.arm-none.win32_1.17.0.201812190825/tools/compiler/bin/../lib/gcc/arm-none-eabi/7.3.1/../../../../arm-none-eabi/lib/thumb/v7e-m/fpv4-sp/hard\libc_nano.a(lib_a-mlock.o)
                0x08008368                __malloc_unlock
 .text._realloc_r
                0x0800836a       0x4c q:/stm32/system workbench for stm32/plugins/fr.ac6.mcu.externaltools.arm-none.win32_1.17.0.201812190825/tools/compiler/bin/../lib/gcc/arm-none-eabi/7.3.1/../../../../arm-none-eabi/lib/thumb/v7e-m/fpv4-sp/hard\libc_nano.a(lib_a-nano-reallocr.o)
                0x0800836a                _realloc_r
 .text.__ascii_wctomb
                0x080083b6       0x1a q:/stm32/system workbench for stm32/plugins/fr.ac6.mcu.externaltools.arm-none.win32_1.17.0.201812190825/tools/compiler/bin/../lib/gcc/arm-none-eabi/7.3.1/../../../../arm-none-eabi/lib/thumb/v7e-m/fpv4-sp/hard\libc_nano.a(lib_a-wctomb_r.o)
                0x080083b6                __ascii_wctomb
 .text._malloc_usable_size_r
                0x080083d0       0x10 q:/stm32/system workbench for stm32/plugins/fr.ac6.mcu.externaltools.arm-none.win32_1.17.0.201812190825/tools/compiler/bin/../lib/gcc/arm-none-eabi/7.3.1/../../../../arm-none-eabi/lib/thumb/v7e-m/fpv4-sp/hard\libc_nano.a(lib_a-nano-msizer.o)
                0x080083d0                _malloc_usable_size_r
 *(.glue_7)
 .glue_7        0x080083e0        0x0 linker stubs
 *(.glue_7t)
 .glue_7t       0x080083e0        0x0 linker stubs
 *(.eh_frame)
 .eh_frame      0x080083e0        0x0 q:/stm32/system workbench for stm32/plugins/fr.ac6.mcu.externaltools.arm-none.win32_1.17.0.201812190825/tools/compiler/bin/../lib/gcc/arm-none-eabi/7.3.1/thumb/v7e-m/fpv4-sp/hard/crtbegin.o
 *(.init)
 .init          0x080083e0        0x4 q:/stm32/system workbench for stm32/plugins/fr.ac6.mcu.externaltools.arm-none.win32_1.17.0.201812190825/tools/compiler/bin/../lib/gcc/arm-none-eabi/7.3.1/thumb/v7e-m/fpv4-sp/hard/crti.o
                0x080083e0                _init
 .init          0x080083e4        0x8 q:/stm32/system workbench for stm32/plugins/fr.ac6.mcu.externaltools.arm-none.win32_1.17.0.201812190825/tools/compiler/bin/../lib/gcc/arm-none-eabi/7.3.1/thumb/v7e-m/fpv4-sp/hard/crtn.o
 *(.fini)
 .fini          0x080083ec        0x4 q:/stm32/system workbench for stm32/plugins/fr.ac6.mcu.externaltools.arm-none.win32_1.17.0.201812190825/tools/compiler/bin/../lib/gcc/arm-none-eabi/7.3.1/thumb/v7e-m/fpv4-sp/hard/crti.o
                0x080083ec                _fini
 .fini          0x080083f0        0x8 q:/stm32/system workbench for stm32/plugins/fr.ac6.mcu.externaltools.arm-none.win32_1.17.0.201812190825/tools/compiler/bin/../lib/gcc/arm-none-eabi/7.3.1/thumb/v7e-m/fpv4-sp/hard/crtn.o
                0x080083f8                . = ALIGN (0x4)
                0x080083f8                _etext = .

.vfp11_veneer   0x080083f8        0x0
 .vfp11_veneer  0x080083f8        0x0 linker stubs

.v4_bx          0x080083f8        0x0
 .v4_bx         0x080083f8        0x0 linker stubs

.iplt           0x080083f8        0x0
 .iplt          0x080083f8        0x0 q:/stm32/system workbench for stm32/plugins/fr.ac6.mcu.externaltools.arm-none.win32_1.17.0.201812190825/tools/compiler/bin/../lib/gcc/arm-none-eabi/7.3.1/thumb/v7e-m/fpv4-sp/hard/crtbegin.o

.rodata         0x080083f8      0x380
                0x080083f8                . = ALIGN (0x4)
 *(.rodata)
 .rodata        0x080083f8       0xbb Src/main.o
 *fill*         0x080084b3        0x1 
 .rodata        0x080084b4       0x18 Src/system_stm32f4xx.o
                0x080084b4                AHBPrescTable
                0x080084c4                APBPrescTable
 *(.rodata*)
 .rodata.sqrt.str1.4
                0x080084cc        0x8 q:/stm32/system workbench for stm32/plugins/fr.ac6.mcu.externaltools.arm-none.win32_1.17.0.201812190825/tools/compiler/bin/../lib/gcc/arm-none-eabi/7.3.1/../../../../arm-none-eabi/lib/thumb/v7e-m/fpv4-sp/hard\libm.a(lib_a-w_sqrt.o)
                                  0x5 (size before relaxing)
 *fill*         0x080084d4        0x4 
 .rodata.atanhi
                0x080084d8       0x20 q:/stm32/system workbench for stm32/plugins/fr.ac6.mcu.externaltools.arm-none.win32_1.17.0.201812190825/tools/compiler/bin/../lib/gcc/arm-none-eabi/7.3.1/../../../../arm-none-eabi/lib/thumb/v7e-m/fpv4-sp/hard\libm.a(lib_a-s_atan.o)
 .rodata.atanlo
                0x080084f8       0x20 q:/stm32/system workbench for stm32/plugins/fr.ac6.mcu.externaltools.arm-none.win32_1.17.0.201812190825/tools/compiler/bin/../lib/gcc/arm-none-eabi/7.3.1/../../../../arm-none-eabi/lib/thumb/v7e-m/fpv4-sp/hard\libm.a(lib_a-s_atan.o)
 .rodata._printf_float.str1.1
                0x08008518       0x12 q:/stm32/system workbench for stm32/plugins/fr.ac6.mcu.externaltools.arm-none.win32_1.17.0.201812190825/tools/compiler/bin/../lib/gcc/arm-none-eabi/7.3.1/../../../../arm-none-eabi/lib/thumb/v7e-m/fpv4-sp/hard\libc_nano.a(lib_a-nano-vfprintf_float.o)
 .rodata._printf_i.str1.1
                0x0800852a       0x22 q:/stm32/system workbench for stm32/plugins/fr.ac6.mcu.externaltools.arm-none.win32_1.17.0.201812190825/tools/compiler/bin/../lib/gcc/arm-none-eabi/7.3.1/../../../../arm-none-eabi/lib/thumb/v7e-m/fpv4-sp/hard\libc_nano.a(lib_a-nano-vfprintf_i.o)
 .rodata._dtoa_r.str1.1
                0x0800854c        0xd q:/stm32/system workbench for stm32/plugins/fr.ac6.mcu.externaltools.arm-none.win32_1.17.0.201812190825/tools/compiler/bin/../lib/gcc/arm-none-eabi/7.3.1/../../../../arm-none-eabi/lib/thumb/v7e-m/fpv4-sp/hard\libc_nano.a(lib_a-dtoa.o)
                                  0xf (size before relaxing)
 *fill*         0x08008559        0x7 
 .rodata.__mprec_bigtens
                0x08008560       0x28 q:/stm32/system workbench for stm32/plugins/fr.ac6.mcu.externaltools.arm-none.win32_1.17.0.201812190825/tools/compiler/bin/../lib/gcc/arm-none-eabi/7.3.1/../../../../arm-none-eabi/lib/thumb/v7e-m/fpv4-sp/hard\libc_nano.a(lib_a-mprec.o)
                0x08008560                __mprec_bigtens
 .rodata.__mprec_tens
                0x08008588       0xc8 q:/stm32/system workbench for stm32/plugins/fr.ac6.mcu.externaltools.arm-none.win32_1.17.0.201812190825/tools/compiler/bin/../lib/gcc/arm-none-eabi/7.3.1/../../../../arm-none-eabi/lib/thumb/v7e-m/fpv4-sp/hard\libc_nano.a(lib_a-mprec.o)
                0x08008588                __mprec_tens
 .rodata.p05.7359
                0x08008650        0xc q:/stm32/system workbench for stm32/plugins/fr.ac6.mcu.externaltools.arm-none.win32_1.17.0.201812190825/tools/compiler/bin/../lib/gcc/arm-none-eabi/7.3.1/../../../../arm-none-eabi/lib/thumb/v7e-m/fpv4-sp/hard\libc_nano.a(lib_a-mprec.o)
 .rodata._svfprintf_r.str1.1
                0x0800865c       0x11 q:/stm32/system workbench for stm32/plugins/fr.ac6.mcu.externaltools.arm-none.win32_1.17.0.201812190825/tools/compiler/bin/../lib/gcc/arm-none-eabi/7.3.1/../../../../arm-none-eabi/lib/thumb/v7e-m/fpv4-sp/hard\libc_nano.a(lib_a-nano-svfprintf.o)
 .rodata._setlocale_r.str1.1
                0x0800866d        0x8 q:/stm32/system workbench for stm32/plugins/fr.ac6.mcu.externaltools.arm-none.win32_1.17.0.201812190825/tools/compiler/bin/../lib/gcc/arm-none-eabi/7.3.1/../../../../arm-none-eabi/lib/thumb/v7e-m/fpv4-sp/hard\libc_nano.a(lib_a-locale.o)
                                  0x9 (size before relaxing)
 .rodata.str1.1
                0x08008675        0x2 q:/stm32/system workbench for stm32/plugins/fr.ac6.mcu.externaltools.arm-none.win32_1.17.0.201812190825/tools/compiler/bin/../lib/gcc/arm-none-eabi/7.3.1/../../../../arm-none-eabi/lib/thumb/v7e-m/fpv4-sp/hard\libc_nano.a(lib_a-locale.o)
 .rodata._ctype_
                0x08008677      0x101 q:/stm32/system workbench for stm32/plugins/fr.ac6.mcu.externaltools.arm-none.win32_1.17.0.201812190825/tools/compiler/bin/../lib/gcc/arm-none-eabi/7.3.1/../../../../arm-none-eabi/lib/thumb/v7e-m/fpv4-sp/hard\libc_nano.a(lib_a-ctype_.o)
                0x08008677                _ctype_
                0x08008778                . = ALIGN (0x4)

.ARM.extab
 *(.ARM.extab* .gnu.linkonce.armextab.*)

.ARM            0x08008778        0x8
                0x08008778                __exidx_start = .
 *(.ARM.exidx*)
 .ARM.exidx     0x08008778        0x8 q:/stm32/system workbench for stm32/plugins/fr.ac6.mcu.externaltools.arm-none.win32_1.17.0.201812190825/tools/compiler/bin/../lib/gcc/arm-none-eabi/7.3.1/thumb/v7e-m/fpv4-sp/hard\libgcc.a(_udivmoddi4.o)
                0x08008780                __exidx_end = .

.rel.dyn        0x08008780        0x0
 .rel.iplt      0x08008780        0x0 q:/stm32/system workbench for stm32/plugins/fr.ac6.mcu.externaltools.arm-none.win32_1.17.0.201812190825/tools/compiler/bin/../lib/gcc/arm-none-eabi/7.3.1/thumb/v7e-m/fpv4-sp/hard/crtbegin.o

.preinit_array  0x08008780        0x0
                0x08008780                PROVIDE (__preinit_array_start = .)
 *(.preinit_array*)
                0x08008780                PROVIDE (__preinit_array_end = .)

.init_array     0x08008780        0x4
                0x08008780                PROVIDE (__init_array_start = .)
 *(SORT_BY_NAME(.init_array.*))
 *(.init_array*)
 .init_array    0x08008780        0x4 q:/stm32/system workbench for stm32/plugins/fr.ac6.mcu.externaltools.arm-none.win32_1.17.0.201812190825/tools/compiler/bin/../lib/gcc/arm-none-eabi/7.3.1/thumb/v7e-m/fpv4-sp/hard/crtbegin.o
                0x08008784                PROVIDE (__init_array_end = .)

.fini_array     0x08008784        0x4
                [!provide]                PROVIDE (__fini_array_start = .)
 *(SORT_BY_NAME(.fini_array.*))
 *(.fini_array*)
 .fini_array    0x08008784        0x4 q:/stm32/system workbench for stm32/plugins/fr.ac6.mcu.externaltools.arm-none.win32_1.17.0.201812190825/tools/compiler/bin/../lib/gcc/arm-none-eabi/7.3.1/thumb/v7e-m/fpv4-sp/hard/crtbegin.o
                [!provide]                PROVIDE (__fini_array_end = .)
                0x08008788                _sidata = LOADADDR (.data)

.data           0x20000000      0x1e0 load address 0x08008788
                0x20000000                . = ALIGN (0x4)
                0x20000000                _sdata = .
 *(.data)
 .data          0x20000000        0x5 Drivers/STM32F4xx_HAL_Driver/Src/stm32f4xx_hal.o
                0x20000000                uwTickPrio
                0x20000004                uwTickFreq
 *fill*         0x20000005        0x3 
 .data          0x20000008        0x4 Src/system_stm32f4xx.o
                0x20000008                SystemCoreClock
 *(.data*)
 .data.__fdlib_version
                0x2000000c        0x1 q:/stm32/system workbench for stm32/plugins/fr.ac6.mcu.externaltools.arm-none.win32_1.17.0.201812190825/tools/compiler/bin/../lib/gcc/arm-none-eabi/7.3.1/../../../../arm-none-eabi/lib/thumb/v7e-m/fpv4-sp/hard\libm.a(lib_a-s_lib_ver.o)
                0x2000000c                __fdlib_version
 *fill*         0x2000000d        0x3 
 .data._impure_ptr
                0x20000010        0x4 q:/stm32/system workbench for stm32/plugins/fr.ac6.mcu.externaltools.arm-none.win32_1.17.0.201812190825/tools/compiler/bin/../lib/gcc/arm-none-eabi/7.3.1/../../../../arm-none-eabi/lib/thumb/v7e-m/fpv4-sp/hard\libc_nano.a(lib_a-impure.o)
                0x20000010                _impure_ptr
 .data.impure_data
                0x20000014       0x60 q:/stm32/system workbench for stm32/plugins/fr.ac6.mcu.externaltools.arm-none.win32_1.17.0.201812190825/tools/compiler/bin/../lib/gcc/arm-none-eabi/7.3.1/../../../../arm-none-eabi/lib/thumb/v7e-m/fpv4-sp/hard\libc_nano.a(lib_a-impure.o)
 .data.__global_locale
                0x20000074      0x16c q:/stm32/system workbench for stm32/plugins/fr.ac6.mcu.externaltools.arm-none.win32_1.17.0.201812190825/tools/compiler/bin/../lib/gcc/arm-none-eabi/7.3.1/../../../../arm-none-eabi/lib/thumb/v7e-m/fpv4-sp/hard\libc_nano.a(lib_a-locale.o)
                0x20000074                __global_locale
                0x200001e0                . = ALIGN (0x4)
                0x200001e0                _edata = .

.igot.plt       0x200001e0        0x0 load address 0x08008968
 .igot.plt      0x200001e0        0x0 q:/stm32/system workbench for stm32/plugins/fr.ac6.mcu.externaltools.arm-none.win32_1.17.0.201812190825/tools/compiler/bin/../lib/gcc/arm-none-eabi/7.3.1/thumb/v7e-m/fpv4-sp/hard/crtbegin.o
                0x200001e0                . = ALIGN (0x4)

.bss            0x200001e0      0x32c load address 0x08008968
                0x200001e0                _sbss = .
                0x200001e0                __bss_start__ = _sbss
 *(.bss)
 .bss           0x200001e0       0x1c q:/stm32/system workbench for stm32/plugins/fr.ac6.mcu.externaltools.arm-none.win32_1.17.0.201812190825/tools/compiler/bin/../lib/gcc/arm-none-eabi/7.3.1/thumb/v7e-m/fpv4-sp/hard/crtbegin.o
 .bss           0x200001fc       0x20 Src/MS5837-30BA.o
 .bss           0x2000021c        0x8 Src/syscalls.o
                0x2000021c                __env
 *(.bss*)
 .bss.__malloc_free_list
                0x20000224        0x4 q:/stm32/system workbench for stm32/plugins/fr.ac6.mcu.externaltools.arm-none.win32_1.17.0.201812190825/tools/compiler/bin/../lib/gcc/arm-none-eabi/7.3.1/../../../../arm-none-eabi/lib/thumb/v7e-m/fpv4-sp/hard\libc_nano.a(lib_a-nano-mallocr.o)
                0x20000224                __malloc_free_list
 .bss.__malloc_sbrk_start
                0x20000228        0x4 q:/stm32/system workbench for stm32/plugins/fr.ac6.mcu.externaltools.arm-none.win32_1.17.0.201812190825/tools/compiler/bin/../lib/gcc/arm-none-eabi/7.3.1/../../../../arm-none-eabi/lib/thumb/v7e-m/fpv4-sp/hard\libc_nano.a(lib_a-nano-mallocr.o)
                0x20000228                __malloc_sbrk_start
 *(COMMON)
 COMMON         0x2000022c        0x4 Drivers/STM32F4xx_HAL_Driver/Src/stm32f4xx_hal.o
                0x2000022c                uwTick
 COMMON         0x20000230       0xa8 Src/i2c.o
                0x20000230                hi2c3
                0x20000284                hi2c1
 COMMON         0x200002d8      0x1e2 Src/main.o
                0x200002d8                acc_y
                0x200002dc                msg
                0x20000408                gy
                0x2000040c                az
                0x20000410                temperature
                0x20000414                gry_z
                0x20000416                gyr_x
                0x20000418                ax
                0x2000041c                buffer
                0x2000049c                gyr_y
                0x200004a0                gz
                0x200004a4                acc_x
                0x200004a8                pitch
                0x200004ac                roll
                0x200004b0                gx
                0x200004b4                ay
                0x200004b8                acc_z
 *fill*         0x200004ba        0x2 
 COMMON         0x200004bc        0xc Src/mpu6500.o
                0x200004bc                Acc_Scale
                0x200004c0                Gyr_Scale
                0x200004c4                i2c
 COMMON         0x200004c8       0x40 Src/usart.o
                0x200004c8                huart2
 COMMON         0x20000508        0x4 q:/stm32/system workbench for stm32/plugins/fr.ac6.mcu.externaltools.arm-none.win32_1.17.0.201812190825/tools/compiler/bin/../lib/gcc/arm-none-eabi/7.3.1/../../../../arm-none-eabi/lib/thumb/v7e-m/fpv4-sp/hard\libc_nano.a(lib_a-reent.o)
                0x20000508                errno
                0x2000050c                . = ALIGN (0x4)
                0x2000050c                _ebss = .
                0x2000050c                __bss_end__ = _ebss

._user_heap_stack
                0x2000050c      0x604 load address 0x08008968
                0x20000510                . = ALIGN (0x8)
 *fill*         0x2000050c        0x4 
                0x20000510                PROVIDE (end = .)
                [!provide]                PROVIDE (_end = .)
                0x20000710                . = (. + _Min_Heap_Size)
 *fill*         0x20000510      0x200 
                0x20000b10                . = (. + _Min_Stack_Size)
 *fill*         0x20000710      0x400 
                0x20000b10                . = ALIGN (0x8)

/DISCARD/
 libc.a(*)
 libm.a(*)
 libgcc.a(*)

.ARM.attributes
                0x00000000       0x30
 *(.ARM.attributes)
 .ARM.attributes
                0x00000000       0x22 q:/stm32/system workbench for stm32/plugins/fr.ac6.mcu.externaltools.arm-none.win32_1.17.0.201812190825/tools/compiler/bin/../lib/gcc/arm-none-eabi/7.3.1/thumb/v7e-m/fpv4-sp/hard/crti.o
 .ARM.attributes
                0x00000022       0x34 q:/stm32/system workbench for stm32/plugins/fr.ac6.mcu.externaltools.arm-none.win32_1.17.0.201812190825/tools/compiler/bin/../lib/gcc/arm-none-eabi/7.3.1/thumb/v7e-m/fpv4-sp/hard/crtbegin.o
 .ARM.attributes
                0x00000056       0x39 Drivers/STM32F4xx_HAL_Driver/Src/stm32f4xx_hal.o
 .ARM.attributes
                0x0000008f       0x39 Drivers/STM32F4xx_HAL_Driver/Src/stm32f4xx_hal_cortex.o
 .ARM.attributes
                0x000000c8       0x39 Drivers/STM32F4xx_HAL_Driver/Src/stm32f4xx_hal_dma.o
 .ARM.attributes
                0x00000101       0x39 Drivers/STM32F4xx_HAL_Driver/Src/stm32f4xx_hal_gpio.o
 .ARM.attributes
                0x0000013a       0x39 Drivers/STM32F4xx_HAL_Driver/Src/stm32f4xx_hal_i2c.o
 .ARM.attributes
                0x00000173       0x39 Drivers/STM32F4xx_HAL_Driver/Src/stm32f4xx_hal_rcc.o
 .ARM.attributes
                0x000001ac       0x39 Drivers/STM32F4xx_HAL_Driver/Src/stm32f4xx_hal_rcc_ex.o
 .ARM.attributes
                0x000001e5       0x39 Drivers/STM32F4xx_HAL_Driver/Src/stm32f4xx_hal_uart.o
 .ARM.attributes
                0x0000021e       0x39 Src/MS5837-30BA.o
 .ARM.attributes
                0x00000257       0x39 Src/gpio.o
 .ARM.attributes
                0x00000290       0x39 Src/i2c.o
 .ARM.attributes
                0x000002c9       0x39 Src/main.o
 .ARM.attributes
                0x00000302       0x39 Src/mpu6500.o
 .ARM.attributes
                0x0000033b       0x39 Src/stm32f4xx_hal_msp.o
 .ARM.attributes
                0x00000374       0x39 Src/stm32f4xx_it.o
 .ARM.attributes
                0x000003ad       0x39 Src/syscalls.o
 .ARM.attributes
                0x000003e6       0x39 Src/system_stm32f4xx.o
 .ARM.attributes
                0x0000041f       0x39 Src/usart.o
 .ARM.attributes
                0x00000458       0x21 startup/startup_stm32f446xx.o
 .ARM.attributes
                0x00000479       0x34 q:/stm32/system workbench for stm32/plugins/fr.ac6.mcu.externaltools.arm-none.win32_1.17.0.201812190825/tools/compiler/bin/../lib/gcc/arm-none-eabi/7.3.1/../../../../arm-none-eabi/lib/thumb/v7e-m/fpv4-sp/hard\libm.a(lib_a-w_atan2.o)
 .ARM.attributes
                0x000004ad       0x34 q:/stm32/system workbench for stm32/plugins/fr.ac6.mcu.externaltools.arm-none.win32_1.17.0.201812190825/tools/compiler/bin/../lib/gcc/arm-none-eabi/7.3.1/../../../../arm-none-eabi/lib/thumb/v7e-m/fpv4-sp/hard\libm.a(lib_a-w_sqrt.o)
 .ARM.attributes
                0x000004e1       0x34 q:/stm32/system workbench for stm32/plugins/fr.ac6.mcu.externaltools.arm-none.win32_1.17.0.201812190825/tools/compiler/bin/../lib/gcc/arm-none-eabi/7.3.1/../../../../arm-none-eabi/lib/thumb/v7e-m/fpv4-sp/hard\libm.a(lib_a-e_atan2.o)
 .ARM.attributes
                0x00000515       0x34 q:/stm32/system workbench for stm32/plugins/fr.ac6.mcu.externaltools.arm-none.win32_1.17.0.201812190825/tools/compiler/bin/../lib/gcc/arm-none-eabi/7.3.1/../../../../arm-none-eabi/lib/thumb/v7e-m/fpv4-sp/hard\libm.a(lib_a-e_sqrt.o)
 .ARM.attributes
                0x00000549       0x34 q:/stm32/system workbench for stm32/plugins/fr.ac6.mcu.externaltools.arm-none.win32_1.17.0.201812190825/tools/compiler/bin/../lib/gcc/arm-none-eabi/7.3.1/../../../../arm-none-eabi/lib/thumb/v7e-m/fpv4-sp/hard\libm.a(lib_a-s_atan.o)
 .ARM.attributes
                0x0000057d       0x34 q:/stm32/system workbench for stm32/plugins/fr.ac6.mcu.externaltools.arm-none.win32_1.17.0.201812190825/tools/compiler/bin/../lib/gcc/arm-none-eabi/7.3.1/../../../../arm-none-eabi/lib/thumb/v7e-m/fpv4-sp/hard\libm.a(lib_a-s_fabs.o)
 .ARM.attributes
                0x000005b1       0x34 q:/stm32/system workbench for stm32/plugins/fr.ac6.mcu.externaltools.arm-none.win32_1.17.0.201812190825/tools/compiler/bin/../lib/gcc/arm-none-eabi/7.3.1/../../../../arm-none-eabi/lib/thumb/v7e-m/fpv4-sp/hard\libm.a(lib_a-s_lib_ver.o)
 .ARM.attributes
                0x000005e5       0x34 q:/stm32/system workbench for stm32/plugins/fr.ac6.mcu.externaltools.arm-none.win32_1.17.0.201812190825/tools/compiler/bin/../lib/gcc/arm-none-eabi/7.3.1/../../../../arm-none-eabi/lib/thumb/v7e-m/fpv4-sp/hard\libm.a(lib_a-s_matherr.o)
 .ARM.attributes
                0x00000619       0x22 q:/stm32/system workbench for stm32/plugins/fr.ac6.mcu.externaltools.arm-none.win32_1.17.0.201812190825/tools/compiler/bin/../lib/gcc/arm-none-eabi/7.3.1/thumb/v7e-m/fpv4-sp/hard\libgcc.a(_arm_addsubdf3.o)
 .ARM.attributes
                0x0000063b       0x22 q:/stm32/system workbench for stm32/plugins/fr.ac6.mcu.externaltools.arm-none.win32_1.17.0.201812190825/tools/compiler/bin/../lib/gcc/arm-none-eabi/7.3.1/thumb/v7e-m/fpv4-sp/hard\libgcc.a(_arm_muldivdf3.o)
 .ARM.attributes
                0x0000065d       0x22 q:/stm32/system workbench for stm32/plugins/fr.ac6.mcu.externaltools.arm-none.win32_1.17.0.201812190825/tools/compiler/bin/../lib/gcc/arm-none-eabi/7.3.1/thumb/v7e-m/fpv4-sp/hard\libgcc.a(_arm_cmpdf2.o)
 .ARM.attributes
                0x0000067f       0x22 q:/stm32/system workbench for stm32/plugins/fr.ac6.mcu.externaltools.arm-none.win32_1.17.0.201812190825/tools/compiler/bin/../lib/gcc/arm-none-eabi/7.3.1/thumb/v7e-m/fpv4-sp/hard\libgcc.a(_arm_unorddf2.o)
 .ARM.attributes
                0x000006a1       0x22 q:/stm32/system workbench for stm32/plugins/fr.ac6.mcu.externaltools.arm-none.win32_1.17.0.201812190825/tools/compiler/bin/../lib/gcc/arm-none-eabi/7.3.1/thumb/v7e-m/fpv4-sp/hard\libgcc.a(_arm_truncdfsf2.o)
 .ARM.attributes
                0x000006c3       0x22 q:/stm32/system workbench for stm32/plugins/fr.ac6.mcu.externaltools.arm-none.win32_1.17.0.201812190825/tools/compiler/bin/../lib/gcc/arm-none-eabi/7.3.1/thumb/v7e-m/fpv4-sp/hard\libgcc.a(_aeabi_uldivmod.o)
 .ARM.attributes
                0x000006e5       0x34 q:/stm32/system workbench for stm32/plugins/fr.ac6.mcu.externaltools.arm-none.win32_1.17.0.201812190825/tools/compiler/bin/../lib/gcc/arm-none-eabi/7.3.1/thumb/v7e-m/fpv4-sp/hard\libgcc.a(_udivmoddi4.o)
 .ARM.attributes
                0x00000719       0x22 q:/stm32/system workbench for stm32/plugins/fr.ac6.mcu.externaltools.arm-none.win32_1.17.0.201812190825/tools/compiler/bin/../lib/gcc/arm-none-eabi/7.3.1/thumb/v7e-m/fpv4-sp/hard\libgcc.a(_dvmd_tls.o)
 .ARM.attributes
                0x0000073b       0x34 q:/stm32/system workbench for stm32/plugins/fr.ac6.mcu.externaltools.arm-none.win32_1.17.0.201812190825/tools/compiler/bin/../lib/gcc/arm-none-eabi/7.3.1/../../../../arm-none-eabi/lib/thumb/v7e-m/fpv4-sp/hard\libc_nano.a(lib_a-errno.o)
 .ARM.attributes
                0x0000076f       0x34 q:/stm32/system workbench for stm32/plugins/fr.ac6.mcu.externaltools.arm-none.win32_1.17.0.201812190825/tools/compiler/bin/../lib/gcc/arm-none-eabi/7.3.1/../../../../arm-none-eabi/lib/thumb/v7e-m/fpv4-sp/hard\libc_nano.a(lib_a-impure.o)
 .ARM.attributes
                0x000007a3       0x34 q:/stm32/system workbench for stm32/plugins/fr.ac6.mcu.externaltools.arm-none.win32_1.17.0.201812190825/tools/compiler/bin/../lib/gcc/arm-none-eabi/7.3.1/../../../../arm-none-eabi/lib/thumb/v7e-m/fpv4-sp/hard\libc_nano.a(lib_a-init.o)
 .ARM.attributes
                0x000007d7       0x34 q:/stm32/system workbench for stm32/plugins/fr.ac6.mcu.externaltools.arm-none.win32_1.17.0.201812190825/tools/compiler/bin/../lib/gcc/arm-none-eabi/7.3.1/../../../../arm-none-eabi/lib/thumb/v7e-m/fpv4-sp/hard\libc_nano.a(lib_a-memset.o)
 .ARM.attributes
                0x0000080b       0x34 q:/stm32/system workbench for stm32/plugins/fr.ac6.mcu.externaltools.arm-none.win32_1.17.0.201812190825/tools/compiler/bin/../lib/gcc/arm-none-eabi/7.3.1/../../../../arm-none-eabi/lib/thumb/v7e-m/fpv4-sp/hard\libc_nano.a(lib_a-nano-vfprintf_float.o)
 .ARM.attributes
                0x0000083f       0x34 q:/stm32/system workbench for stm32/plugins/fr.ac6.mcu.externaltools.arm-none.win32_1.17.0.201812190825/tools/compiler/bin/../lib/gcc/arm-none-eabi/7.3.1/../../../../arm-none-eabi/lib/thumb/v7e-m/fpv4-sp/hard\libc_nano.a(lib_a-nano-vfprintf_i.o)
 .ARM.attributes
                0x00000873       0x34 q:/stm32/system workbench for stm32/plugins/fr.ac6.mcu.externaltools.arm-none.win32_1.17.0.201812190825/tools/compiler/bin/../lib/gcc/arm-none-eabi/7.3.1/../../../../arm-none-eabi/lib/thumb/v7e-m/fpv4-sp/hard\libc_nano.a(lib_a-sprintf.o)
 .ARM.attributes
                0x000008a7       0x1b q:/stm32/system workbench for stm32/plugins/fr.ac6.mcu.externaltools.arm-none.win32_1.17.0.201812190825/tools/compiler/bin/../lib/gcc/arm-none-eabi/7.3.1/../../../../arm-none-eabi/lib/thumb/v7e-m/fpv4-sp/hard\libc_nano.a(lib_a-strlen.o)
 .ARM.attributes
                0x000008c2       0x34 q:/stm32/system workbench for stm32/plugins/fr.ac6.mcu.externaltools.arm-none.win32_1.17.0.201812190825/tools/compiler/bin/../lib/gcc/arm-none-eabi/7.3.1/../../../../arm-none-eabi/lib/thumb/v7e-m/fpv4-sp/hard\libc_nano.a(lib_a-dtoa.o)
 .ARM.attributes
                0x000008f6       0x34 q:/stm32/system workbench for stm32/plugins/fr.ac6.mcu.externaltools.arm-none.win32_1.17.0.201812190825/tools/compiler/bin/../lib/gcc/arm-none-eabi/7.3.1/../../../../arm-none-eabi/lib/thumb/v7e-m/fpv4-sp/hard\libc_nano.a(lib_a-localeconv.o)
 .ARM.attributes
                0x0000092a       0x34 q:/stm32/system workbench for stm32/plugins/fr.ac6.mcu.externaltools.arm-none.win32_1.17.0.201812190825/tools/compiler/bin/../lib/gcc/arm-none-eabi/7.3.1/../../../../arm-none-eabi/lib/thumb/v7e-m/fpv4-sp/hard\libc_nano.a(lib_a-malloc.o)
 .ARM.attributes
                0x0000095e       0x20 q:/stm32/system workbench for stm32/plugins/fr.ac6.mcu.externaltools.arm-none.win32_1.17.0.201812190825/tools/compiler/bin/../lib/gcc/arm-none-eabi/7.3.1/../../../../arm-none-eabi/lib/thumb/v7e-m/fpv4-sp/hard\libc_nano.a(lib_a-memchr.o)
 .ARM.attributes
                0x0000097e       0x34 q:/stm32/system workbench for stm32/plugins/fr.ac6.mcu.externaltools.arm-none.win32_1.17.0.201812190825/tools/compiler/bin/../lib/gcc/arm-none-eabi/7.3.1/../../../../arm-none-eabi/lib/thumb/v7e-m/fpv4-sp/hard\libc_nano.a(lib_a-memcpy-stub.o)
 .ARM.attributes
                0x000009b2       0x34 q:/stm32/system workbench for stm32/plugins/fr.ac6.mcu.externaltools.arm-none.win32_1.17.0.201812190825/tools/compiler/bin/../lib/gcc/arm-none-eabi/7.3.1/../../../../arm-none-eabi/lib/thumb/v7e-m/fpv4-sp/hard\libc_nano.a(lib_a-mprec.o)
 .ARM.attributes
                0x000009e6       0x34 q:/stm32/system workbench for stm32/plugins/fr.ac6.mcu.externaltools.arm-none.win32_1.17.0.201812190825/tools/compiler/bin/../lib/gcc/arm-none-eabi/7.3.1/../../../../arm-none-eabi/lib/thumb/v7e-m/fpv4-sp/hard\libc_nano.a(lib_a-nano-callocr.o)
 .ARM.attributes
                0x00000a1a       0x34 q:/stm32/system workbench for stm32/plugins/fr.ac6.mcu.externaltools.arm-none.win32_1.17.0.201812190825/tools/compiler/bin/../lib/gcc/arm-none-eabi/7.3.1/../../../../arm-none-eabi/lib/thumb/v7e-m/fpv4-sp/hard\libc_nano.a(lib_a-nano-freer.o)
 .ARM.attributes
                0x00000a4e       0x34 q:/stm32/system workbench for stm32/plugins/fr.ac6.mcu.externaltools.arm-none.win32_1.17.0.201812190825/tools/compiler/bin/../lib/gcc/arm-none-eabi/7.3.1/../../../../arm-none-eabi/lib/thumb/v7e-m/fpv4-sp/hard\libc_nano.a(lib_a-nano-mallocr.o)
 .ARM.attributes
                0x00000a82       0x34 q:/stm32/system workbench for stm32/plugins/fr.ac6.mcu.externaltools.arm-none.win32_1.17.0.201812190825/tools/compiler/bin/../lib/gcc/arm-none-eabi/7.3.1/../../../../arm-none-eabi/lib/thumb/v7e-m/fpv4-sp/hard\libc_nano.a(lib_a-nano-svfprintf.o)
 .ARM.attributes
                0x00000ab6       0x34 q:/stm32/system workbench for stm32/plugins/fr.ac6.mcu.externaltools.arm-none.win32_1.17.0.201812190825/tools/compiler/bin/../lib/gcc/arm-none-eabi/7.3.1/../../../../arm-none-eabi/lib/thumb/v7e-m/fpv4-sp/hard\libc_nano.a(lib_a-sbrkr.o)
 .ARM.attributes
                0x00000aea       0x34 q:/stm32/system workbench for stm32/plugins/fr.ac6.mcu.externaltools.arm-none.win32_1.17.0.201812190825/tools/compiler/bin/../lib/gcc/arm-none-eabi/7.3.1/../../../../arm-none-eabi/lib/thumb/v7e-m/fpv4-sp/hard\libc_nano.a(lib_a-locale.o)
 .ARM.attributes
                0x00000b1e       0x34 q:/stm32/system workbench for stm32/plugins/fr.ac6.mcu.externaltools.arm-none.win32_1.17.0.201812190825/tools/compiler/bin/../lib/gcc/arm-none-eabi/7.3.1/../../../../arm-none-eabi/lib/thumb/v7e-m/fpv4-sp/hard\libc_nano.a(lib_a-mbtowc_r.o)
 .ARM.attributes
                0x00000b52       0x34 q:/stm32/system workbench for stm32/plugins/fr.ac6.mcu.externaltools.arm-none.win32_1.17.0.201812190825/tools/compiler/bin/../lib/gcc/arm-none-eabi/7.3.1/../../../../arm-none-eabi/lib/thumb/v7e-m/fpv4-sp/hard\libc_nano.a(lib_a-memmove.o)
 .ARM.attributes
                0x00000b86       0x34 q:/stm32/system workbench for stm32/plugins/fr.ac6.mcu.externaltools.arm-none.win32_1.17.0.201812190825/tools/compiler/bin/../lib/gcc/arm-none-eabi/7.3.1/../../../../arm-none-eabi/lib/thumb/v7e-m/fpv4-sp/hard\libc_nano.a(lib_a-mlock.o)
 .ARM.attributes
                0x00000bba       0x34 q:/stm32/system workbench for stm32/plugins/fr.ac6.mcu.externaltools.arm-none.win32_1.17.0.201812190825/tools/compiler/bin/../lib/gcc/arm-none-eabi/7.3.1/../../../../arm-none-eabi/lib/thumb/v7e-m/fpv4-sp/hard\libc_nano.a(lib_a-nano-reallocr.o)
 .ARM.attributes
                0x00000bee       0x34 q:/stm32/system workbench for stm32/plugins/fr.ac6.mcu.externaltools.arm-none.win32_1.17.0.201812190825/tools/compiler/bin/../lib/gcc/arm-none-eabi/7.3.1/../../../../arm-none-eabi/lib/thumb/v7e-m/fpv4-sp/hard\libc_nano.a(lib_a-reent.o)
 .ARM.attributes
                0x00000c22       0x34 q:/stm32/system workbench for stm32/plugins/fr.ac6.mcu.externaltools.arm-none.win32_1.17.0.201812190825/tools/compiler/bin/../lib/gcc/arm-none-eabi/7.3.1/../../../../arm-none-eabi/lib/thumb/v7e-m/fpv4-sp/hard\libc_nano.a(lib_a-wctomb_r.o)
 .ARM.attributes
                0x00000c56       0x34 q:/stm32/system workbench for stm32/plugins/fr.ac6.mcu.externaltools.arm-none.win32_1.17.0.201812190825/tools/compiler/bin/../lib/gcc/arm-none-eabi/7.3.1/../../../../arm-none-eabi/lib/thumb/v7e-m/fpv4-sp/hard\libc_nano.a(lib_a-ctype_.o)
 .ARM.attributes
                0x00000c8a       0x34 q:/stm32/system workbench for stm32/plugins/fr.ac6.mcu.externaltools.arm-none.win32_1.17.0.201812190825/tools/compiler/bin/../lib/gcc/arm-none-eabi/7.3.1/../../../../arm-none-eabi/lib/thumb/v7e-m/fpv4-sp/hard\libc_nano.a(lib_a-nano-msizer.o)
 .ARM.attributes
                0x00000cbe       0x22 q:/stm32/system workbench for stm32/plugins/fr.ac6.mcu.externaltools.arm-none.win32_1.17.0.201812190825/tools/compiler/bin/../lib/gcc/arm-none-eabi/7.3.1/thumb/v7e-m/fpv4-sp/hard\libgcc.a(_arm_fixdfsi.o)
 .ARM.attributes
                0x00000ce0       0x22 q:/stm32/system workbench for stm32/plugins/fr.ac6.mcu.externaltools.arm-none.win32_1.17.0.201812190825/tools/compiler/bin/../lib/gcc/arm-none-eabi/7.3.1/thumb/v7e-m/fpv4-sp/hard/crtn.o
OUTPUT(Acce_Press_F4.elf elf32-littlearm)

.debug_info     0x00000000     0xe5d2
 .debug_info    0x00000000      0x973 Drivers/STM32F4xx_HAL_Driver/Src/stm32f4xx_hal.o
 .debug_info    0x00000973      0xdf4 Drivers/STM32F4xx_HAL_Driver/Src/stm32f4xx_hal_cortex.o
 .debug_info    0x00001767      0x916 Drivers/STM32F4xx_HAL_Driver/Src/stm32f4xx_hal_dma.o
 .debug_info    0x0000207d      0x7b1 Drivers/STM32F4xx_HAL_Driver/Src/stm32f4xx_hal_gpio.o
 .debug_info    0x0000282e     0x232c Drivers/STM32F4xx_HAL_Driver/Src/stm32f4xx_hal_i2c.o
 .debug_info    0x00004b5a      0x8e4 Drivers/STM32F4xx_HAL_Driver/Src/stm32f4xx_hal_rcc.o
 .debug_info    0x0000543e      0x983 Drivers/STM32F4xx_HAL_Driver/Src/stm32f4xx_hal_rcc_ex.o
 .debug_info    0x00005dc1     0x11d5 Drivers/STM32F4xx_HAL_Driver/Src/stm32f4xx_hal_uart.o
 .debug_info    0x00006f96     0x1261 Src/MS5837-30BA.o
 .debug_info    0x000081f7      0x4aa Src/gpio.o
 .debug_info    0x000086a1      0xa49 Src/i2c.o
 .debug_info    0x000090ea     0x16b9 Src/main.o
 .debug_info    0x0000a7a3     0x14c4 Src/mpu6500.o
 .debug_info    0x0000bc67      0x344 Src/stm32f4xx_hal_msp.o
 .debug_info    0x0000bfab      0x633 Src/stm32f4xx_it.o
 .debug_info    0x0000c5de      0xf2e Src/syscalls.o
 .debug_info    0x0000d50c      0x536 Src/system_stm32f4xx.o
 .debug_info    0x0000da42      0xb6e Src/usart.o
 .debug_info    0x0000e5b0       0x22 startup/startup_stm32f446xx.o

.debug_abbrev   0x00000000     0x2459
 .debug_abbrev  0x00000000      0x1cb Drivers/STM32F4xx_HAL_Driver/Src/stm32f4xx_hal.o
 .debug_abbrev  0x000001cb      0x2fa Drivers/STM32F4xx_HAL_Driver/Src/stm32f4xx_hal_cortex.o
 .debug_abbrev  0x000004c5      0x229 Drivers/STM32F4xx_HAL_Driver/Src/stm32f4xx_hal_dma.o
 .debug_abbrev  0x000006ee      0x1c9 Drivers/STM32F4xx_HAL_Driver/Src/stm32f4xx_hal_gpio.o
 .debug_abbrev  0x000008b7      0x254 Drivers/STM32F4xx_HAL_Driver/Src/stm32f4xx_hal_i2c.o
 .debug_abbrev  0x00000b0b      0x245 Drivers/STM32F4xx_HAL_Driver/Src/stm32f4xx_hal_rcc.o
 .debug_abbrev  0x00000d50      0x1bc Drivers/STM32F4xx_HAL_Driver/Src/stm32f4xx_hal_rcc_ex.o
 .debug_abbrev  0x00000f0c      0x242 Drivers/STM32F4xx_HAL_Driver/Src/stm32f4xx_hal_uart.o
 .debug_abbrev  0x0000114e      0x2eb Src/MS5837-30BA.o
 .debug_abbrev  0x00001439      0x134 Src/gpio.o
 .debug_abbrev  0x0000156d      0x199 Src/i2c.o
 .debug_abbrev  0x00001706      0x2b0 Src/main.o
 .debug_abbrev  0x000019b6      0x2fc Src/mpu6500.o
 .debug_abbrev  0x00001cb2       0xef Src/stm32f4xx_hal_msp.o
 .debug_abbrev  0x00001da1      0x149 Src/stm32f4xx_it.o
 .debug_abbrev  0x00001eea      0x2aa Src/syscalls.o
 .debug_abbrev  0x00002194      0x111 Src/system_stm32f4xx.o
 .debug_abbrev  0x000022a5      0x1a2 Src/usart.o
 .debug_abbrev  0x00002447       0x12 startup/startup_stm32f446xx.o

.debug_aranges  0x00000000      0xbe8
 .debug_aranges
                0x00000000       0xf0 Drivers/STM32F4xx_HAL_Driver/Src/stm32f4xx_hal.o
 .debug_aranges
                0x000000f0      0x118 Drivers/STM32F4xx_HAL_Driver/Src/stm32f4xx_hal_cortex.o
 .debug_aranges
                0x00000208       0x90 Drivers/STM32F4xx_HAL_Driver/Src/stm32f4xx_hal_dma.o
 .debug_aranges
                0x00000298       0x58 Drivers/STM32F4xx_HAL_Driver/Src/stm32f4xx_hal_gpio.o
 .debug_aranges
                0x000002f0      0x290 Drivers/STM32F4xx_HAL_Driver/Src/stm32f4xx_hal_i2c.o
 .debug_aranges
                0x00000580       0x88 Drivers/STM32F4xx_HAL_Driver/Src/stm32f4xx_hal_rcc.o
 .debug_aranges
                0x00000608       0x78 Drivers/STM32F4xx_HAL_Driver/Src/stm32f4xx_hal_rcc_ex.o
 .debug_aranges
                0x00000680      0x1d0 Drivers/STM32F4xx_HAL_Driver/Src/stm32f4xx_hal_uart.o
 .debug_aranges
                0x00000850       0x68 Src/MS5837-30BA.o
 .debug_aranges
                0x000008b8       0x20 Src/gpio.o
 .debug_aranges
                0x000008d8       0x38 Src/i2c.o
 .debug_aranges
                0x00000910       0x38 Src/main.o
 .debug_aranges
                0x00000948       0xe8 Src/mpu6500.o
 .debug_aranges
                0x00000a30       0x20 Src/stm32f4xx_hal_msp.o
 .debug_aranges
                0x00000a50       0x68 Src/stm32f4xx_it.o
 .debug_aranges
                0x00000ab8       0xb0 Src/syscalls.o
 .debug_aranges
                0x00000b68       0x28 Src/system_stm32f4xx.o
 .debug_aranges
                0x00000b90       0x30 Src/usart.o
 .debug_aranges
                0x00000bc0       0x28 startup/startup_stm32f446xx.o

.debug_ranges   0x00000000      0xae0
 .debug_ranges  0x00000000       0xe0 Drivers/STM32F4xx_HAL_Driver/Src/stm32f4xx_hal.o
 .debug_ranges  0x000000e0      0x108 Drivers/STM32F4xx_HAL_Driver/Src/stm32f4xx_hal_cortex.o
 .debug_ranges  0x000001e8       0x80 Drivers/STM32F4xx_HAL_Driver/Src/stm32f4xx_hal_dma.o
 .debug_ranges  0x00000268       0x48 Drivers/STM32F4xx_HAL_Driver/Src/stm32f4xx_hal_gpio.o
 .debug_ranges  0x000002b0      0x2a0 Drivers/STM32F4xx_HAL_Driver/Src/stm32f4xx_hal_i2c.o
 .debug_ranges  0x00000550       0x78 Drivers/STM32F4xx_HAL_Driver/Src/stm32f4xx_hal_rcc.o
 .debug_ranges  0x000005c8       0x68 Drivers/STM32F4xx_HAL_Driver/Src/stm32f4xx_hal_rcc_ex.o
 .debug_ranges  0x00000630      0x1c0 Drivers/STM32F4xx_HAL_Driver/Src/stm32f4xx_hal_uart.o
 .debug_ranges  0x000007f0       0x58 Src/MS5837-30BA.o
 .debug_ranges  0x00000848       0x10 Src/gpio.o
 .debug_ranges  0x00000858       0x28 Src/i2c.o
 .debug_ranges  0x00000880       0x28 Src/main.o
 .debug_ranges  0x000008a8       0xd8 Src/mpu6500.o
 .debug_ranges  0x00000980       0x10 Src/stm32f4xx_hal_msp.o
 .debug_ranges  0x00000990       0x58 Src/stm32f4xx_it.o
 .debug_ranges  0x000009e8       0xa0 Src/syscalls.o
 .debug_ranges  0x00000a88       0x18 Src/system_stm32f4xx.o
 .debug_ranges  0x00000aa0       0x20 Src/usart.o
 .debug_ranges  0x00000ac0       0x20 startup/startup_stm32f446xx.o

.debug_macro    0x00000000    0x231e0
 .debug_macro   0x00000000      0x233 Drivers/STM32F4xx_HAL_Driver/Src/stm32f4xx_hal.o
 .debug_macro   0x00000233      0xa60 Drivers/STM32F4xx_HAL_Driver/Src/stm32f4xx_hal.o
 .debug_macro   0x00000c93      0x18a Drivers/STM32F4xx_HAL_Driver/Src/stm32f4xx_hal.o
 .debug_macro   0x00000e1d       0x32 Drivers/STM32F4xx_HAL_Driver/Src/stm32f4xx_hal.o
 .debug_macro   0x00000e4f       0x28 Drivers/STM32F4xx_HAL_Driver/Src/stm32f4xx_hal.o
 .debug_macro   0x00000e77       0x22 Drivers/STM32F4xx_HAL_Driver/Src/stm32f4xx_hal.o
 .debug_macro   0x00000e99       0x8e Drivers/STM32F4xx_HAL_Driver/Src/stm32f4xx_hal.o
 .debug_macro   0x00000f27       0x51 Drivers/STM32F4xx_HAL_Driver/Src/stm32f4xx_hal.o
 .debug_macro   0x00000f78       0xef Drivers/STM32F4xx_HAL_Driver/Src/stm32f4xx_hal.o
 .debug_macro   0x00001067       0x6a Drivers/STM32F4xx_HAL_Driver/Src/stm32f4xx_hal.o
 .debug_macro   0x000010d1      0x1df Drivers/STM32F4xx_HAL_Driver/Src/stm32f4xx_hal.o
 .debug_macro   0x000012b0       0x1c Drivers/STM32F4xx_HAL_Driver/Src/stm32f4xx_hal.o
 .debug_macro   0x000012cc       0x22 Drivers/STM32F4xx_HAL_Driver/Src/stm32f4xx_hal.o
 .debug_macro   0x000012ee       0xdf Drivers/STM32F4xx_HAL_Driver/Src/stm32f4xx_hal.o
 .debug_macro   0x000013cd     0x102d Drivers/STM32F4xx_HAL_Driver/Src/stm32f4xx_hal.o
 .debug_macro   0x000023fa      0x11f Drivers/STM32F4xx_HAL_Driver/Src/stm32f4xx_hal.o
 .debug_macro   0x00002519    0x16734 Drivers/STM32F4xx_HAL_Driver/Src/stm32f4xx_hal.o
 .debug_macro   0x00018c4d       0x43 Drivers/STM32F4xx_HAL_Driver/Src/stm32f4xx_hal.o
 .debug_macro   0x00018c90     0x35d4 Drivers/STM32F4xx_HAL_Driver/Src/stm32f4xx_hal.o
 .debug_macro   0x0001c264      0x174 Drivers/STM32F4xx_HAL_Driver/Src/stm32f4xx_hal.o
 .debug_macro   0x0001c3d8       0x4e Drivers/STM32F4xx_HAL_Driver/Src/stm32f4xx_hal.o
 .debug_macro   0x0001c426      0xc90 Drivers/STM32F4xx_HAL_Driver/Src/stm32f4xx_hal.o
 .debug_macro   0x0001d0b6      0x9fe Drivers/STM32F4xx_HAL_Driver/Src/stm32f4xx_hal.o
 .debug_macro   0x0001dab4       0xed Drivers/STM32F4xx_HAL_Driver/Src/stm32f4xx_hal.o
 .debug_macro   0x0001dba1      0x117 Drivers/STM32F4xx_HAL_Driver/Src/stm32f4xx_hal.o
 .debug_macro   0x0001dcb8      0x1a0 Drivers/STM32F4xx_HAL_Driver/Src/stm32f4xx_hal.o
 .debug_macro   0x0001de58       0x27 Drivers/STM32F4xx_HAL_Driver/Src/stm32f4xx_hal.o
 .debug_macro   0x0001de7f      0x287 Drivers/STM32F4xx_HAL_Driver/Src/stm32f4xx_hal.o
 .debug_macro   0x0001e106       0x5f Drivers/STM32F4xx_HAL_Driver/Src/stm32f4xx_hal.o
 .debug_macro   0x0001e165      0x236 Drivers/STM32F4xx_HAL_Driver/Src/stm32f4xx_hal.o
 .debug_macro   0x0001e39b      0x132 Drivers/STM32F4xx_HAL_Driver/Src/stm32f4xx_hal.o
 .debug_macro   0x0001e4cd      0x29c Drivers/STM32F4xx_HAL_Driver/Src/stm32f4xx_hal.o
 .debug_macro   0x0001e769       0x2e Drivers/STM32F4xx_HAL_Driver/Src/stm32f4xx_hal.o
 .debug_macro   0x0001e797      0x1ae Drivers/STM32F4xx_HAL_Driver/Src/stm32f4xx_hal.o
 .debug_macro   0x0001e945       0x22 Drivers/STM32F4xx_HAL_Driver/Src/stm32f4xx_hal.o
 .debug_macro   0x0001e967       0xd6 Drivers/STM32F4xx_HAL_Driver/Src/stm32f4xx_hal.o
 .debug_macro   0x0001ea3d      0x11a Drivers/STM32F4xx_HAL_Driver/Src/stm32f4xx_hal.o
 .debug_macro   0x0001eb57       0xe8 Drivers/STM32F4xx_HAL_Driver/Src/stm32f4xx_hal.o
 .debug_macro   0x0001ec3f       0x89 Drivers/STM32F4xx_HAL_Driver/Src/stm32f4xx_hal.o
 .debug_macro   0x0001ecc8      0x287 Drivers/STM32F4xx_HAL_Driver/Src/stm32f4xx_hal.o
 .debug_macro   0x0001ef4f      0x126 Drivers/STM32F4xx_HAL_Driver/Src/stm32f4xx_hal.o
 .debug_macro   0x0001f075      0x1d3 Drivers/STM32F4xx_HAL_Driver/Src/stm32f4xx_hal_cortex.o
 .debug_macro   0x0001f248      0x1d9 Drivers/STM32F4xx_HAL_Driver/Src/stm32f4xx_hal_dma.o
 .debug_macro   0x0001f421      0x209 Drivers/STM32F4xx_HAL_Driver/Src/stm32f4xx_hal_gpio.o
 .debug_macro   0x0001f62a      0x213 Drivers/STM32F4xx_HAL_Driver/Src/stm32f4xx_hal_i2c.o
 .debug_macro   0x0001f83d      0x1f7 Drivers/STM32F4xx_HAL_Driver/Src/stm32f4xx_hal_rcc.o
 .debug_macro   0x0001fa34      0x1d3 Drivers/STM32F4xx_HAL_Driver/Src/stm32f4xx_hal_rcc_ex.o
 .debug_macro   0x0001fc07      0x1d4 Drivers/STM32F4xx_HAL_Driver/Src/stm32f4xx_hal_uart.o
 .debug_macro   0x0001fddb      0x2ba Src/MS5837-30BA.o
 .debug_macro   0x00020095       0x58 Src/MS5837-30BA.o
 .debug_macro   0x000200ed       0x5e Src/MS5837-30BA.o
 .debug_macro   0x0002014b       0x18 Src/MS5837-30BA.o
 .debug_macro   0x00020163       0x35 Src/MS5837-30BA.o
 .debug_macro   0x00020198       0x34 Src/MS5837-30BA.o
 .debug_macro   0x000201cc       0x58 Src/MS5837-30BA.o
 .debug_macro   0x00020224       0x1f Src/MS5837-30BA.o
 .debug_macro   0x00020243       0x43 Src/MS5837-30BA.o
 .debug_macro   0x00020286       0x20 Src/MS5837-30BA.o
 .debug_macro   0x000202a6      0x18e Src/MS5837-30BA.o
 .debug_macro   0x00020434      0x32a Src/MS5837-30BA.o
 .debug_macro   0x0002075e      0x1e1 Src/MS5837-30BA.o
 .debug_macro   0x0002093f       0x16 Src/MS5837-30BA.o
 .debug_macro   0x00020955       0x35 Src/MS5837-30BA.o
 .debug_macro   0x0002098a       0x2e Src/MS5837-30BA.o
 .debug_macro   0x000209b8      0x1ec Src/gpio.o
 .debug_macro   0x00020ba4      0x1ec Src/i2c.o
 .debug_macro   0x00020d90      0x3b0 Src/main.o
 .debug_macro   0x00021140       0x10 Src/main.o
 .debug_macro   0x00021150       0x1c Src/main.o
 .debug_macro   0x0002116c       0x10 Src/main.o
 .debug_macro   0x0002117c       0x10 Src/main.o
 .debug_macro   0x0002118c       0x1c Src/main.o
 .debug_macro   0x000211a8       0x52 Src/main.o
 .debug_macro   0x000211fa       0x40 Src/main.o
 .debug_macro   0x0002123a       0x10 Src/main.o
 .debug_macro   0x0002124a       0x40 Src/main.o
 .debug_macro   0x0002128a       0xd7 Src/main.o
 .debug_macro   0x00021361       0x1c Src/main.o
 .debug_macro   0x0002137d       0x3d Src/main.o
 .debug_macro   0x000213ba       0x16 Src/main.o
 .debug_macro   0x000213d0      0x16f Src/main.o
 .debug_macro   0x0002153f      0x503 Src/main.o
 .debug_macro   0x00021a42      0x293 Src/mpu6500.o
 .debug_macro   0x00021cd5       0x5e Src/mpu6500.o
 .debug_macro   0x00021d33      0x1e2 Src/stm32f4xx_hal_msp.o
 .debug_macro   0x00021f15      0x1ec Src/stm32f4xx_it.o
 .debug_macro   0x00022101      0x243 Src/syscalls.o
 .debug_macro   0x00022344       0x58 Src/syscalls.o
 .debug_macro   0x0002239c       0x94 Src/syscalls.o
 .debug_macro   0x00022430       0x57 Src/syscalls.o
 .debug_macro   0x00022487      0x330 Src/syscalls.o
 .debug_macro   0x000227b7       0x10 Src/syscalls.o
 .debug_macro   0x000227c7       0x10 Src/syscalls.o
 .debug_macro   0x000227d7       0x10 Src/syscalls.o
 .debug_macro   0x000227e7       0x35 Src/syscalls.o
 .debug_macro   0x0002281c      0x122 Src/syscalls.o
 .debug_macro   0x0002293e       0x16 Src/syscalls.o
 .debug_macro   0x00022954       0x16 Src/syscalls.o
 .debug_macro   0x0002296a       0x29 Src/syscalls.o
 .debug_macro   0x00022993       0x10 Src/syscalls.o
 .debug_macro   0x000229a3      0x241 Src/syscalls.o
 .debug_macro   0x00022be4       0x10 Src/syscalls.o
 .debug_macro   0x00022bf4      0x189 Src/syscalls.o
 .debug_macro   0x00022d7d       0x16 Src/syscalls.o
 .debug_macro   0x00022d93       0x88 Src/syscalls.o
 .debug_macro   0x00022e1b      0x1d9 Src/system_stm32f4xx.o
 .debug_macro   0x00022ff4      0x1ec Src/usart.o

.debug_line     0x00000000     0xada5
 .debug_line    0x00000000      0x8b8 Drivers/STM32F4xx_HAL_Driver/Src/stm32f4xx_hal.o
 .debug_line    0x000008b8      0x9df Drivers/STM32F4xx_HAL_Driver/Src/stm32f4xx_hal_cortex.o
 .debug_line    0x00001297      0x98a Drivers/STM32F4xx_HAL_Driver/Src/stm32f4xx_hal_dma.o
 .debug_line    0x00001c21      0x886 Drivers/STM32F4xx_HAL_Driver/Src/stm32f4xx_hal_gpio.o
 .debug_line    0x000024a7     0x1a9b Drivers/STM32F4xx_HAL_Driver/Src/stm32f4xx_hal_i2c.o
 .debug_line    0x00003f42      0x8ff Drivers/STM32F4xx_HAL_Driver/Src/stm32f4xx_hal_rcc.o
 .debug_line    0x00004841      0xaa5 Drivers/STM32F4xx_HAL_Driver/Src/stm32f4xx_hal_rcc_ex.o
 .debug_line    0x000052e6      0xfb2 Drivers/STM32F4xx_HAL_Driver/Src/stm32f4xx_hal_uart.o
 .debug_line    0x00006298      0x897 Src/MS5837-30BA.o
 .debug_line    0x00006b2f      0x6ba Src/gpio.o
 .debug_line    0x000071e9      0x71c Src/i2c.o
 .debug_line    0x00007905      0x8fa Src/main.o
 .debug_line    0x000081ff      0x942 Src/mpu6500.o
 .debug_line    0x00008b41      0x6b1 Src/stm32f4xx_hal_msp.o
 .debug_line    0x000091f2      0x767 Src/stm32f4xx_it.o
 .debug_line    0x00009959      0x613 Src/syscalls.o
 .debug_line    0x00009f6c      0x6d2 Src/system_stm32f4xx.o
 .debug_line    0x0000a63e      0x6e8 Src/usart.o
 .debug_line    0x0000ad26       0x7f startup/startup_stm32f446xx.o

.debug_str      0x00000000    0xccb37
 .debug_str     0x00000000    0xc2e12 Drivers/STM32F4xx_HAL_Driver/Src/stm32f4xx_hal.o
                              0xc31c2 (size before relaxing)
 .debug_str     0x000c2e12      0x3ed Drivers/STM32F4xx_HAL_Driver/Src/stm32f4xx_hal_cortex.o
                              0xc2f18 (size before relaxing)
 .debug_str     0x000c31ff      0x534 Drivers/STM32F4xx_HAL_Driver/Src/stm32f4xx_hal_dma.o
                              0xc2a30 (size before relaxing)
 .debug_str     0x000c3733      0x28c Drivers/STM32F4xx_HAL_Driver/Src/stm32f4xx_hal_gpio.o
                              0xc287f (size before relaxing)
 .debug_str     0x000c39bf      0xcec Drivers/STM32F4xx_HAL_Driver/Src/stm32f4xx_hal_i2c.o
                              0xc3541 (size before relaxing)
 .debug_str     0x000c46ab      0x37e Drivers/STM32F4xx_HAL_Driver/Src/stm32f4xx_hal_rcc.o
                              0xc2a27 (size before relaxing)
 .debug_str     0x000c4a29      0x324 Drivers/STM32F4xx_HAL_Driver/Src/stm32f4xx_hal_rcc_ex.o
                              0xc2a84 (size before relaxing)
 .debug_str     0x000c4d4d      0x6c1 Drivers/STM32F4xx_HAL_Driver/Src/stm32f4xx_hal_uart.o
                              0xc2e4e (size before relaxing)
 .debug_str     0x000c540e     0x3665 Src/MS5837-30BA.o
                              0xc60bd (size before relaxing)
 .debug_str     0x000c8a73       0x25 Src/gpio.o
                              0xc2781 (size before relaxing)
 .debug_str     0x000c8a98       0x46 Src/i2c.o
                              0xc2cad (size before relaxing)
 .debug_str     0x000c8ade     0x29a4 Src/main.o
                              0xc8d67 (size before relaxing)
 .debug_str     0x000cb482      0x311 Src/mpu6500.o
                              0xc788f (size before relaxing)
 .debug_str     0x000cb793       0x1b Src/stm32f4xx_hal_msp.o
                              0xc26e6 (size before relaxing)
 .debug_str     0x000cb7ae       0xca Src/stm32f4xx_it.o
                              0xc2a78 (size before relaxing)
 .debug_str     0x000cb878     0x1208 Src/syscalls.o
                               0x8589 (size before relaxing)
 .debug_str     0x000cca80       0x5a Src/system_stm32f4xx.o
                              0xc263b (size before relaxing)
 .debug_str     0x000ccada       0x2e Src/usart.o
                              0xc30f0 (size before relaxing)
 .debug_str     0x000ccb08       0x2f startup/startup_stm32f446xx.o
                                 0x52 (size before relaxing)

.comment        0x00000000       0x7f
 .comment       0x00000000       0x7f Drivers/STM32F4xx_HAL_Driver/Src/stm32f4xx_hal.o
                                 0x80 (size before relaxing)
 .comment       0x0000007f       0x80 Drivers/STM32F4xx_HAL_Driver/Src/stm32f4xx_hal_cortex.o
 .comment       0x0000007f       0x80 Drivers/STM32F4xx_HAL_Driver/Src/stm32f4xx_hal_dma.o
 .comment       0x0000007f       0x80 Drivers/STM32F4xx_HAL_Driver/Src/stm32f4xx_hal_gpio.o
 .comment       0x0000007f       0x80 Drivers/STM32F4xx_HAL_Driver/Src/stm32f4xx_hal_i2c.o
 .comment       0x0000007f       0x80 Drivers/STM32F4xx_HAL_Driver/Src/stm32f4xx_hal_rcc.o
 .comment       0x0000007f       0x80 Drivers/STM32F4xx_HAL_Driver/Src/stm32f4xx_hal_rcc_ex.o
 .comment       0x0000007f       0x80 Drivers/STM32F4xx_HAL_Driver/Src/stm32f4xx_hal_uart.o
 .comment       0x0000007f       0x80 Src/MS5837-30BA.o
 .comment       0x0000007f       0x80 Src/gpio.o
 .comment       0x0000007f       0x80 Src/i2c.o
 .comment       0x0000007f       0x80 Src/main.o